Archive member included because of file (symbol)

d:/altera/test/13.0sp1/nios2eds/bin/gnu/h-i686-mingw32/bin/../lib/gcc/nios2-elf/4.1.2\libgcc.a(_mul_sf.o)
                              obj/default/game.o (__mulsf3)
d:/altera/test/13.0sp1/nios2eds/bin/gnu/h-i686-mingw32/bin/../lib/gcc/nios2-elf/4.1.2\libgcc.a(_div_sf.o)
                              obj/default/game.o (__divsf3)
d:/altera/test/13.0sp1/nios2eds/bin/gnu/h-i686-mingw32/bin/../lib/gcc/nios2-elf/4.1.2\libgcc.a(_lt_sf.o)
                              obj/default/game.o (__ltsf2)
d:/altera/test/13.0sp1/nios2eds/bin/gnu/h-i686-mingw32/bin/../lib/gcc/nios2-elf/4.1.2\libgcc.a(_si_to_sf.o)
                              obj/default/game.o (__floatsisf)
d:/altera/test/13.0sp1/nios2eds/bin/gnu/h-i686-mingw32/bin/../lib/gcc/nios2-elf/4.1.2\libgcc.a(_thenan_sf.o)
                              d:/altera/test/13.0sp1/nios2eds/bin/gnu/h-i686-mingw32/bin/../lib/gcc/nios2-elf/4.1.2\libgcc.a(_mul_sf.o) (__thenan_sf)
d:/altera/test/13.0sp1/nios2eds/bin/gnu/h-i686-mingw32/bin/../lib/gcc/nios2-elf/4.1.2\libgcc.a(_lt_df.o)
                              obj/default/game.o (__ltdf2)
d:/altera/test/13.0sp1/nios2eds/bin/gnu/h-i686-mingw32/bin/../lib/gcc/nios2-elf/4.1.2\libgcc.a(_si_to_df.o)
                              obj/default/game.o (__floatsidf)
d:/altera/test/13.0sp1/nios2eds/bin/gnu/h-i686-mingw32/bin/../lib/gcc/nios2-elf/4.1.2\libgcc.a(lib2-divmod.o)
                              obj/default/game.o (__modsi3)
d:/altera/test/13.0sp1/nios2eds/bin/gnu/h-i686-mingw32/bin/../lib/gcc/nios2-elf/4.1.2\libgcc.a(_muldi3.o)
                              d:/altera/test/13.0sp1/nios2eds/bin/gnu/h-i686-mingw32/bin/../lib/gcc/nios2-elf/4.1.2\libgcc.a(_mul_sf.o) (__muldi3)
d:/altera/test/13.0sp1/nios2eds/bin/gnu/h-i686-mingw32/bin/../lib/gcc/nios2-elf/4.1.2\libgcc.a(_clzsi2.o)
                              d:/altera/test/13.0sp1/nios2eds/bin/gnu/h-i686-mingw32/bin/../lib/gcc/nios2-elf/4.1.2\libgcc.a(_si_to_sf.o) (__clzsi2)
d:/altera/test/13.0sp1/nios2eds/bin/gnu/h-i686-mingw32/bin/../lib/gcc/nios2-elf/4.1.2\libgcc.a(_pack_sf.o)
                              d:/altera/test/13.0sp1/nios2eds/bin/gnu/h-i686-mingw32/bin/../lib/gcc/nios2-elf/4.1.2\libgcc.a(_mul_sf.o) (__pack_f)
d:/altera/test/13.0sp1/nios2eds/bin/gnu/h-i686-mingw32/bin/../lib/gcc/nios2-elf/4.1.2\libgcc.a(_unpack_sf.o)
                              d:/altera/test/13.0sp1/nios2eds/bin/gnu/h-i686-mingw32/bin/../lib/gcc/nios2-elf/4.1.2\libgcc.a(_mul_sf.o) (__unpack_f)
d:/altera/test/13.0sp1/nios2eds/bin/gnu/h-i686-mingw32/bin/../lib/gcc/nios2-elf/4.1.2\libgcc.a(_fpcmp_parts_sf.o)
                              d:/altera/test/13.0sp1/nios2eds/bin/gnu/h-i686-mingw32/bin/../lib/gcc/nios2-elf/4.1.2\libgcc.a(_lt_sf.o) (__fpcmp_parts_f)
d:/altera/test/13.0sp1/nios2eds/bin/gnu/h-i686-mingw32/bin/../lib/gcc/nios2-elf/4.1.2\libgcc.a(_pack_df.o)
                              d:/altera/test/13.0sp1/nios2eds/bin/gnu/h-i686-mingw32/bin/../lib/gcc/nios2-elf/4.1.2\libgcc.a(_si_to_df.o) (__pack_d)
d:/altera/test/13.0sp1/nios2eds/bin/gnu/h-i686-mingw32/bin/../lib/gcc/nios2-elf/4.1.2\libgcc.a(_unpack_df.o)
                              d:/altera/test/13.0sp1/nios2eds/bin/gnu/h-i686-mingw32/bin/../lib/gcc/nios2-elf/4.1.2\libgcc.a(_lt_df.o) (__unpack_d)
d:/altera/test/13.0sp1/nios2eds/bin/gnu/h-i686-mingw32/bin/../lib/gcc/nios2-elf/4.1.2\libgcc.a(_fpcmp_parts_df.o)
                              d:/altera/test/13.0sp1/nios2eds/bin/gnu/h-i686-mingw32/bin/../lib/gcc/nios2-elf/4.1.2\libgcc.a(_lt_df.o) (__fpcmp_parts_d)
d:/altera/test/13.0sp1/nios2eds/bin/gnu/h-i686-mingw32/bin/../lib/gcc/nios2-elf/4.1.2\libgcc.a(_clz.o)
                              d:/altera/test/13.0sp1/nios2eds/bin/gnu/h-i686-mingw32/bin/../lib/gcc/nios2-elf/4.1.2\libgcc.a(_clzsi2.o) (__clz_tab)
d:/altera/test/13.0sp1/nios2eds/bin/gnu/h-i686-mingw32/bin/../lib/gcc/nios2-elf/4.1.2/../../../../nios2-elf/lib\libc.a(lib_a-difftime.o)
                              obj/default/game.o (difftime)
d:/altera/test/13.0sp1/nios2eds/bin/gnu/h-i686-mingw32/bin/../lib/gcc/nios2-elf/4.1.2/../../../../nios2-elf/lib\libc.a(lib_a-fopen.o)
                              obj/default/game.o (fopen)
d:/altera/test/13.0sp1/nios2eds/bin/gnu/h-i686-mingw32/bin/../lib/gcc/nios2-elf/4.1.2/../../../../nios2-elf/lib\libc.a(lib_a-fprintf.o)
                              obj/default/game.o (fprintf)
d:/altera/test/13.0sp1/nios2eds/bin/gnu/h-i686-mingw32/bin/../lib/gcc/nios2-elf/4.1.2/../../../../nios2-elf/lib\libc.a(lib_a-fseek.o)
                              d:/altera/test/13.0sp1/nios2eds/bin/gnu/h-i686-mingw32/bin/../lib/gcc/nios2-elf/4.1.2/../../../../nios2-elf/lib\libc.a(lib_a-fopen.o) (_fseek_r)
d:/altera/test/13.0sp1/nios2eds/bin/gnu/h-i686-mingw32/bin/../lib/gcc/nios2-elf/4.1.2/../../../../nios2-elf/lib\libc.a(lib_a-fstatr.o)
[...]
Memory Configuration

Name             Origin             Length             Attributes
reset            0x02000000         0x00000020
sdram_0          0x02000020         0x007fffe0
*default*        0x00000000         0xffffffff

Linker script and memory map

LOAD ../game_bsp//obj/HAL/src/crt0.o
LOAD obj/default/game.o
LOAD d:/altera/test/13.0sp1/nios2eds/bin/gnu/h-i686-mingw32/bin/../lib/gcc/nios2-elf/4.1.2/../../../../nios2-elf/lib\libstdc++.a
LOAD d:/altera/test/13.0sp1/nios2eds/bin/gnu/h-i686-mingw32/bin/../lib/gcc/nios2-elf/4.1.2/../../../../nios2-elf/lib\libm.a
LOAD d:/altera/test/13.0sp1/nios2eds/bin/gnu/h-i686-mingw32/bin/../lib/gcc/nios2-elf/4.1.2\libgcc.a
START GROUP
LOAD d:/altera/test/13.0sp1/nios2eds/bin/gnu/h-i686-mingw32/bin/../lib/gcc/nios2-elf/4.1.2/../../../../nios2-elf/lib\libc.a
LOAD d:/altera/test/13.0sp1/nios2eds/bin/gnu/h-i686-mingw32/bin/../lib/gcc/nios2-elf/4.1.2\libgcc.a
LOAD ../game_bsp/\libhal_bsp.a
END GROUP
LOAD d:/altera/test/13.0sp1/nios2eds/bin/gnu/h-i686-mingw32/bin/../lib/gcc/nios2-elf/4.1.2\libgcc.a
                0x02000000                __alt_mem_sdram_0 = 0x2000000

.entry          0x02000000       0x20
 *(.entry)
 .entry         0x02000000       0x20 ../game_bsp//obj/HAL/src/crt0.o
                0x02000000                __reset

.exceptions     0x02000020      0x194
                0x02000020                PROVIDE (__ram_exceptions_start, ABSOLUTE (.))
                0x02000020                . = ALIGN (0x20)
 *(.irq)
 *(.exceptions.entry.label)
 .exceptions.entry.label
                0x02000020        0x0 ../game_bsp/\libhal_bsp.a(alt_irq_entry.o)
                0x02000020                alt_irq_entry
 .exceptions.entry.label
                0x02000020        0x0 ../game_bsp/\libhal_bsp.a(alt_exception_entry.o)
                0x02000020                alt_exception
 *(.exceptions.entry.user)
 *(.exceptions.entry)
 .exceptions.entry
                0x02000020       0x54 ../game_bsp/\libhal_bsp.a(alt_exception_entry.o)
 *(.exceptions.irqtest.user)
 *(.exceptions.irqtest)
 .exceptions.irqtest
                0x02000074       0x10 ../game_bsp/\libhal_bsp.a(alt_irq_entry.o)
 *(.exceptions.irqhandler.user)
 *(.exceptions.irqhandler)
 .exceptions.irqhandler
                0x02000084        0x4 ../game_bsp/\libhal_bsp.a(alt_irq_entry.o)
 *(.exceptions.irqreturn.user)
 *(.exceptions.irqreturn)
 .exceptions.irqreturn
                0x02000088        0x4 ../game_bsp/\libhal_bsp.a(alt_irq_entry.o)
 *(.exceptions.notirq.label)
 .exceptions.notirq.label
                0x0200008c        0x0 ../game_bsp/\libhal_bsp.a(alt_irq_entry.o)
 *(.exceptions.notirq.user)
 *(.exceptions.notirq)
 .exceptions.notirq
                0x0200008c        0x8 ../game_bsp/\libhal_bsp.a(alt_exception_entry.o)
 *(.exceptions.soft.user)
 *(.exceptions.soft)
 *(.exceptions.unknown.user)
 *(.exceptions.unknown)
 .exceptions.unknown
                0x02000094        0x4 ../game_bsp/\libhal_bsp.a(alt_exception_entry.o)
 *(.exceptions.exit.label)
 .exceptions.exit.label
                0x02000098        0x0 ../game_bsp/\libhal_bsp.a(alt_irq_entry.o)
 .exceptions.exit.label
                0x02000098        0x0 ../game_bsp/\libhal_bsp.a(alt_exception_entry.o)
 *(.exceptions.exit.user)
 *(.exceptions.exit)
 .exceptions.exit
                0x02000098       0x54 ../game_bsp/\libhal_bsp.a(alt_exception_entry.o)
 *(.exceptions)
 .exceptions    0x020000ec       0xc8 ../game_bsp/\libhal_bsp.a(alt_irq_handler.o)
                0x020000ec                alt_irq_handler
                0x020001b4                PROVIDE (__ram_exceptions_end, ABSOLUTE (.))
                0x02000020                PROVIDE (__flash_exceptions_start, LOADADDR (.exceptions))

.text           0x020001b4     0xef3c
                0x020001b4                PROVIDE (stext, ABSOLUTE (.))
 *(.interp)
 *(.hash)
 *(.dynsym)
 *(.dynstr)
 *(.gnu.version)
 *(.gnu.version_d)
 *(.gnu.version_r)
 *(.rel.init)
 *(.rela.init)
 *(.rel.text .rel.text.* .rel.gnu.linkonce.t.*)
 *(.rela.text .rela.text.* .rela.gnu.linkonce.t.*)
 *(.rel.fini)
 *(.rela.fini)
 *(.rel.rodata .rel.rodata.* .rel.gnu.linkonce.r.*)
 *(.rela.rodata .rela.rodata.* .rela.gnu.linkonce.r.*)
 *(.rel.data .rel.data.* .rel.gnu.linkonce.d.*)
 *(.rela.data .rela.data.* .rela.gnu.linkonce.d.*)
 *(.rel.tdata .rel.tdata.* .rel.gnu.linkonce.td.*)
 *(.rela.tdata .rela.tdata.* .rela.gnu.linkonce.td.*)
 *(.rel.tbss .rel.tbss.* .rel.gnu.linkonce.tb.*)
 *(.rela.tbss .rela.tbss.* .rela.gnu.linkonce.tb.*)
 *(.rel.ctors)
 *(.rela.ctors)
 *(.rel.dtors)
 *(.rela.dtors)
 *(.rel.got)
 *(.rela.got)
 *(.rel.sdata .rel.sdata.* .rel.gnu.linkonce.s.*)
 *(.rela.sdata .rela.sdata.* .rela.gnu.linkonce.s.*)
 *(.rel.sbss .rel.sbss.* .rel.gnu.linkonce.sb.*)
 *(.rela.sbss .rela.sbss.* .rela.gnu.linkonce.sb.*)
 *(.rel.sdata2 .rel.sdata2.* .rel.gnu.linkonce.s2.*)
 *(.rela.sdata2 .rela.sdata2.* .rela.gnu.linkonce.s2.*)
 *(.rel.sbss2 .rel.sbss2.* .rel.gnu.linkonce.sb2.*)
 *(.rela.sbss2 .rela.sbss2.* .rela.gnu.linkonce.sb2.*)
 *(.rel.bss .rel.bss.* .rel.gnu.linkonce.b.*)
 *(.rela.bss .rela.bss.* .rela.gnu.linkonce.b.*)
 *(.rel.plt)
 *(.rela.plt)
 *(.rel.dyn)
 *(.init)
 *(.plt)
 *(.text .stub .text.* .gnu.linkonce.t.*)
 .text          0x020001b4       0x4c ../game_bsp//obj/HAL/src/crt0.o
                0x020001b4                _start
 .text          0x02000200      0x8b4 obj/default/game.o
                0x02000200                main
                0x020002dc                show_welcome_screen
                0x02000364                show_level_selection
                0x020004a8                start_game
                0x02000754                display_target
                0x02000804                get_random_position
                0x02000838                show_result
                0x02000a4c                delay_ms
 .text          0x02000ab4      0x1e0 d:/altera/test/13.0sp1/nios2eds/bin/gnu/h-i686-mingw32/bin/../lib/gcc/nios2-elf/4.1.2\libgcc.a(_mul_sf.o)
                0x02000ab4                __mulsf3
 .text          0x02000c94      0x174 d:/altera/test/13.0sp1/nios2eds/bin/gnu/h-i686-mingw32/bin/../lib/gcc/nios2-elf/4.1.2\libgcc.a(_div_sf.o)
                0x02000c94                __divsf3
 .text          0x02000e08       0x78 d:/altera/test/13.0sp1/nios2eds/bin/gnu/h-i686-mingw32/bin/../lib/gcc/nios2-elf/4.1.2\libgcc.a(_lt_sf.o)
                0x02000e08                __ltsf2
 .text          0x02000e80       0x98 d:/altera/test/13.0sp1/nios2eds/bin/gnu/h-i686-mingw32/bin/../lib/gcc/nios2-elf/4.1.2\libgcc.a(_si_to_sf.o)
                0x02000e80                __floatsisf
 .text          0x02000f18        0x0 d:/altera/test/13.0sp1/nios2eds/bin/gnu/h-i686-mingw32/bin/../lib/gcc/nios2-elf/4.1.2\libgcc.a(_thenan_sf.o)
 .text          0x02000f18       0x88 d:/altera/test/13.0sp1/nios2eds/bin/gnu/h-i686-mingw32/bin/../lib/gcc/nios2-elf/4.1.2\libgcc.a(_lt_df.o)
                0x02000f18                __ltdf2
 .text          0x02000fa0       0xf8 d:/altera/test/13.0sp1/nios2eds/bin/gnu/h-i686-mingw32/bin/../lib/gcc/nios2-elf/4.1.2\libgcc.a(_si_to_df.o)
                0x02000fa0                __floatsidf
 .text          0x02001098      0x14c d:/altera/test/13.0sp1/nios2eds/bin/gnu/h-i686-mingw32/bin/../lib/gcc/nios2-elf/4.1.2\libgcc.a(lib2-divmod.o)
                0x02001114                __divsi3
                0x02001174                __modsi3
                0x020011d4                __udivsi3
                0x020011dc                __umodsi3
 .text          0x020011e4       0x98 d:/altera/test/13.0sp1/nios2eds/bin/gnu/h-i686-mingw32/bin/../lib/gcc/nios2-elf/4.1.2\libgcc.a(_muldi3.o)
                0x020011e4                __muldi3
 .text          0x0200127c       0x80 d:/altera/test/13.0sp1/nios2eds/bin/gnu/h-i686-mingw32/bin/../lib/gcc/nios2-elf/4.1.2\libgcc.a(_clzsi2.o)
                0x0200127c                __clzsi2
 .text          0x020012fc      0x160 d:/altera/test/13.0sp1/nios2eds/bin/gnu/h-i686-mingw32/bin/../lib/gcc/nios2-elf/4.1.2\libgcc.a(_pack_sf.o)
                0x020012fc                __pack_f
 .text          0x0200145c       0xc8 d:/altera/test/13.0sp1/nios2eds/bin/gnu/h-i686-mingw32/bin/../lib/gcc/nios2-elf/4.1.2\libgcc.a(_unpack_sf.o)
                0x0200145c                __unpack_f
 .text          0x02001524       0xa8 d:/altera/test/13.0sp1/nios2eds/bin/gnu/h-i686-mingw32/bin/../lib/gcc/nios2-elf/4.1.2\libgcc.a(_fpcmp_parts_sf.o)
                0x02001524                __fpcmp_parts_f
 .text          0x020015cc      0x314 d:/altera/test/13.0sp1/nios2eds/bin/gnu/h-i686-mingw32/bin/../lib/gcc/nios2-elf/4.1.2\libgcc.a(_pack_df.o)
                0x020015cc                __pack_d
 .text          0x020018e0      0x138 d:/altera/test/13.0sp1/nios2eds/bin/gnu/h-i686-mingw32/bin/../lib/gcc/nios2-elf/4.1.2\libgcc.a(_unpack_df.o)
                0x020018e0                __unpack_d
 .text          0x02001a18       0xc8 d:/altera/test/13.0sp1/nios2eds/bin/gnu/h-i686-mingw32/bin/../lib/gcc/nios2-elf/4.1.2\libgcc.a(_fpcmp_parts_df.o)
                0x02001a18                __fpcmp_parts_d
 .text          0x02001ae0        0x0 d:/altera/test/13.0sp1/nios2eds/bin/gnu/h-i686-mingw32/bin/../lib/gcc/nios2-elf/4.1.2\libgcc.a(_clz.o)
 .text          0x02001ae0       0x1c d:/altera/test/13.0sp1/nios2eds/bin/gnu/h-i686-mingw32/bin/../lib/gcc/nios2-elf/4.1.2/../../../../nios2-elf/lib\libc.a(lib_a-difftime.o)
                0x02001ae0                difftime
 .text          0x02001afc      0x110 d:/altera/test/13.0sp1/nios2eds/bin/gnu/h-i686-mingw32/bin/../lib/gcc/nios2-elf/4.1.2/../../../../nios2-elf/lib\libc.a(lib_a-fopen.o)
                0x02001afc                _fopen_r
                0x02001bf0                fopen
 .text          0x02001c0c       0x60 d:/altera/test/13.0sp1/nios2eds/bin/gnu/h-i686-mingw32/bin/../lib/gcc/nios2-elf/4.1.2/../../../../nios2-elf/lib\libc.a(lib_a-fprintf.o)
                0x02001c0c                fprintf
                0x02001c38                _fprintf_r
 .text          0x02001c6c      0x460 d:/altera/test/13.0sp1/nios2eds/bin/gnu/h-i686-mingw32/bin/../lib/gcc/nios2-elf/4.1.2/../../../../nios2-elf/lib\libc.a(lib_a-fseek.o)
                0x02001c6c                _fseek_r
                0x020020a8                fseek
 .text          0x020020cc       0x74 d:/altera/test/13.0sp1/nios2eds/bin/gnu/h-i686-mingw32/bin/../lib/gcc/nios2-elf/4.1.2/../../../../nios2-elf/lib\libc.a(lib_a-fstatr.o)
                0x020020cc                _fstat_r
 .text          0x02002140        0x0 d:/altera/test/13.0sp1/nios2eds/bin/gnu/h-i686-mingw32/bin/../lib/gcc/nios2-elf/4.1.2/../../../../nios2-elf/lib\libc.a(lib_a-impure.o)
 .text          0x02002140        0x0 d:/altera/test/13.0sp1/nios2eds/bin/gnu/h-i686-mingw32/bin/../lib/gcc/nios2-elf/4.1.2/../../../../nios2-elf/lib\libc.a(lib_a-int_errno.o)
 .text          0x02002140      0x194 d:/altera/test/13.0sp1/nios2eds/bin/gnu/h-i686-mingw32/bin/../lib/gcc/nios2-elf/4.1.2/../../../../nios2-elf/lib\libc.a(lib_a-makebuf.o)
                0x02002140                __smakebuf_r
 .text          0x020022d4      0x740 d:/altera/test/13.0sp1/nios2eds/bin/gnu/h-i686-mingw32/bin/../lib/gcc/nios2-elf/4.1.2/../../../../nios2-elf/lib\libc.a(lib_a-mallocr.o)
                0x020022d4                _malloc_r
 .text          0x02002a14       0x78 d:/altera/test/13.0sp1/nios2eds/bin/gnu/h-i686-mingw32/bin/../lib/gcc/nios2-elf/4.1.2/../../../../nios2-elf/lib\libc.a(lib_a-openr.o)
                0x02002a14                _open_r
 .text          0x02002a8c       0x78 d:/altera/test/13.0sp1/nios2eds/bin/gnu/h-i686-mingw32/bin/../lib/gcc/nios2-elf/4.1.2/../../../../nios2-elf/lib\libc.a(lib_a-printf.o)
                0x02002a8c                printf
                0x02002ad0                _printf_r
 .text          0x02002b04       0xb4 d:/altera/test/13.0sp1/nios2eds/bin/gnu/h-i686-mingw32/bin/../lib/gcc/nios2-elf/4.1.2/../../../../nios2-elf/lib\libc.a(lib_a-puts.o)
                0x02002b04                _puts_r
                0x02002ba4                puts
 .text          0x02002bb8       0x94 d:/altera/test/13.0sp1/nios2eds/bin/gnu/h-i686-mingw32/bin/../lib/gcc/nios2-elf/4.1.2/../../../../nios2-elf/lib\libc.a(lib_a-rand.o)
                0x02002bb8                srand
                0x02002bd4                rand
 .text          0x02002c4c      0x1e0 d:/altera/test/13.0sp1/nios2eds/bin/gnu/h-i686-mingw32/bin/../lib/gcc/nios2-elf/4.1.2/../../../../nios2-elf/lib\libc.a(lib_a-refill.o)
                0x02002c4c                __srefill_r
 .text          0x02002e2c       0x70 d:/altera/test/13.0sp1/nios2eds/bin/gnu/h-i686-mingw32/bin/../lib/gcc/nios2-elf/4.1.2/../../../../nios2-elf/lib\libc.a(lib_a-sbrkr.o)
                0x02002e2c                _sbrk_r
 .text          0x02002e9c      0x14c d:/altera/test/13.0sp1/nios2eds/bin/gnu/h-i686-mingw32/bin/../lib/gcc/nios2-elf/4.1.2/../../../../nios2-elf/lib\libc.a(lib_a-stdio.o)
                0x02002e9c                __sclose
                0x02002ea4                __sseek
                0x02002f0c                __swrite
                0x02002f88                __sread
 .text          0x02002fe8       0x74 d:/altera/test/13.0sp1/nios2eds/bin/gnu/h-i686-mingw32/bin/../lib/gcc/nios2-elf/4.1.2/../../../../nios2-elf/lib\libc.a(lib_a-strlen.o)
                0x02002fe8                strlen
 .text          0x0200305c       0x5c d:/altera/test/13.0sp1/nios2eds/bin/gnu/h-i686-mingw32/bin/../lib/gcc/nios2-elf/4.1.2/../../../../nios2-elf/lib\libc.a(lib_a-time.o)
                0x0200305c                time
 .text          0x020030b8     0x1f28 d:/altera/test/13.0sp1/nios2eds/bin/gnu/h-i686-mingw32/bin/../lib/gcc/nios2-elf/4.1.2/../../../../nios2-elf/lib\libc.a(lib_a-vfprintf.o)
                0x02003110                ___vfprintf_internal_r
                0x02004fbc                __vfprintf_internal
 .text          0x02004fe0       0x78 d:/altera/test/13.0sp1/nios2eds/bin/gnu/h-i686-mingw32/bin/../lib/gcc/nios2-elf/4.1.2/../../../../nios2-elf/lib\libc.a(lib_a-writer.o)
                0x02004fe0                _write_r
 .text          0x02005058      0x13c d:/altera/test/13.0sp1/nios2eds/bin/gnu/h-i686-mingw32/bin/../lib/gcc/nios2-elf/4.1.2/../../../../nios2-elf/lib\libc.a(lib_a-wsetup.o)
                0x02005058                __swsetup_r
 .text          0x02005194       0x70 d:/altera/test/13.0sp1/nios2eds/bin/gnu/h-i686-mingw32/bin/../lib/gcc/nios2-elf/4.1.2/../../../../nios2-elf/lib\libc.a(lib_a-closer.o)
                0x02005194                _close_r
 .text          0x02005204     0x17cc d:/altera/test/13.0sp1/nios2eds/bin/gnu/h-i686-mingw32/bin/../lib/gcc/nios2-elf/4.1.2/../../../../nios2-elf/lib\libc.a(lib_a-dtoa.o)
                0x0200541c                _dtoa_r
 .text          0x020069d0      0x230 d:/altera/test/13.0sp1/nios2eds/bin/gnu/h-i686-mingw32/bin/../lib/gcc/nios2-elf/4.1.2/../../../../nios2-elf/lib\libc.a(lib_a-fflush.o)
                0x020069d0                _fflush_r
                0x02006bcc                fflush
 .text          0x02006c00      0x2c0 d:/altera/test/13.0sp1/nios2eds/bin/gnu/h-i686-mingw32/bin/../lib/gcc/nios2-elf/4.1.2/../../../../nios2-elf/lib\libc.a(lib_a-findfp.o)
                0x02006c58                __sfp_lock_acquire
                0x02006c5c                __sfp_lock_release
                0x02006c60                __sinit_lock_acquire
                0x02006c64                __sinit_lock_release
                0x02006c68                __sinit
                0x02006d1c                __fp_unlock_all
                0x02006d34                __fp_lock_all
                0x02006d4c                _cleanup_r
                0x02006d58                _cleanup
                0x02006d68                __sfmoreglue
                0x02006dd0                __sfp
 .text          0x02006ec0       0xa0 d:/altera/test/13.0sp1/nios2eds/bin/gnu/h-i686-mingw32/bin/../lib/gcc/nios2-elf/4.1.2/../../../../nios2-elf/lib\libc.a(lib_a-flags.o)
                0x02006ec0                __sflags
 .text          0x02006f60      0x440 d:/altera/test/13.0sp1/nios2eds/bin/gnu/h-i686-mingw32/bin/../lib/gcc/nios2-elf/4.1.2/../../../../nios2-elf/lib\libc.a(lib_a-freer.o)
                0x02006f60                _malloc_trim_r
                0x0200708c                _free_r
 .text          0x020073a0      0x49c d:/altera/test/13.0sp1/nios2eds/bin/gnu/h-i686-mingw32/bin/../lib/gcc/nios2-elf/4.1.2/../../../../nios2-elf/lib\libc.a(lib_a-fvwrite.o)
                0x020073a0                __sfvwrite_r
 .text          0x0200783c      0x180 d:/altera/test/13.0sp1/nios2eds/bin/gnu/h-i686-mingw32/bin/../lib/gcc/nios2-elf/4.1.2/../../../../nios2-elf/lib\libc.a(lib_a-fwalk.o)
                0x0200783c                _fwalk_reent
                0x02007904                _fwalk
 .text          0x020079bc       0x74 d:/altera/test/13.0sp1/nios2eds/bin/gnu/h-i686-mingw32/bin/../lib/gcc/nios2-elf/4.1.2/../../../../nios2-elf/lib\libc.a(lib_a-gettimeofdayr.o)
                0x020079bc                _gettimeofday_r
 .text          0x02007a30       0x70 d:/altera/test/13.0sp1/nios2eds/bin/gnu/h-i686-mingw32/bin/../lib/gcc/nios2-elf/4.1.2/../../../../nios2-elf/lib\libc.a(lib_a-isattyr.o)
                0x02007a30                _isatty_r
 .text          0x02007aa0       0xc4 d:/altera/test/13.0sp1/nios2eds/bin/gnu/h-i686-mingw32/bin/../lib/gcc/nios2-elf/4.1.2/../../../../nios2-elf/lib\libc.a(lib_a-locale.o)
                0x02007aa0                __locale_charset
                0x02007aa8                _localeconv_r
                0x02007ab4                localeconv
                0x02007ac4                _setlocale_r
                0x02007b48                setlocale
 .text          0x02007b64       0x78 d:/altera/test/13.0sp1/nios2eds/bin/gnu/h-i686-mingw32/bin/../lib/gcc/nios2-elf/4.1.2/../../../../nios2-elf/lib\libc.a(lib_a-lseekr.o)
                0x02007b64                _lseek_r
 .text          0x02007bdc       0xe4 d:/altera/test/13.0sp1/nios2eds/bin/gnu/h-i686-mingw32/bin/../lib/gcc/nios2-elf/4.1.2/../../../../nios2-elf/lib\libc.a(lib_a-memchr.o)
                0x02007bdc                memchr
 .text          0x02007cc0       0xa0 d:/altera/test/13.0sp1/nios2eds/bin/gnu/h-i686-mingw32/bin/../lib/gcc/nios2-elf/4.1.2/../../../../nios2-elf/lib\libc.a(lib_a-memcpy.o)
                0x02007cc0                memcpy
 .text          0x02007d60       0xe0 d:/altera/test/13.0sp1/nios2eds/bin/gnu/h-i686-mingw32/bin/../lib/gcc/nios2-elf/4.1.2/../../../../nios2-elf/lib\libc.a(lib_a-memmove.o)
                0x02007d60                memmove
 .text          0x02007e40       0x98 d:/altera/test/13.0sp1/nios2eds/bin/gnu/h-i686-mingw32/bin/../lib/gcc/nios2-elf/4.1.2/../../../../nios2-elf/lib\libc.a(lib_a-memset.o)
                0x02007e40                memset
 .text          0x02007ed8      0xff4 d:/altera/test/13.0sp1/nios2eds/bin/gnu/h-i686-mingw32/bin/../lib/gcc/nios2-elf/4.1.2/../../../../nios2-elf/lib\libc.a(lib_a-mprec.o)
                0x02007ed8                _Bfree
                0x02007f00                __hi0bits
                0x02007f70                __lo0bits
                0x02008034                __mcmp
                0x02008094                __ulp
                0x02008114                __b2d
                0x02008234                __ratio
                0x020082e4                _mprec_log10
                0x02008378                __copybits
                0x020083d0                __any_on
                0x02008458                _Balloc
                0x02008514                __d2b
                0x02008690                __mdiff
                0x0200881c                __lshift
                0x02008968                __multiply
                0x02008b50                __i2b
                0x02008b8c                __multadd
                0x02008c8c                __pow5mult
                0x02008dac                __s2b
 .text          0x02008ecc       0x78 d:/altera/test/13.0sp1/nios2eds/bin/gnu/h-i686-mingw32/bin/../lib/gcc/nios2-elf/4.1.2/../../../../nios2-elf/lib\libc.a(lib_a-readr.o)
                0x02008ecc                _read_r
 .text          0x02008f44      0x5f4 d:/altera/test/13.0sp1/nios2eds/bin/gnu/h-i686-mingw32/bin/../lib/gcc/nios2-elf/4.1.2/../../../../nios2-elf/lib\libc.a(lib_a-reallocr.o)
                0x02008f44                _realloc_r
 .text          0x02009538       0x40 d:/altera/test/13.0sp1/nios2eds/bin/gnu/h-i686-mingw32/bin/../lib/gcc/nios2-elf/4.1.2/../../../../nios2-elf/lib\libc.a(lib_a-s_isinfd.o)
                0x02009538                __isinfd
 .text          0x02009578       0x30 d:/altera/test/13.0sp1/nios2eds/bin/gnu/h-i686-mingw32/bin/../lib/gcc/nios2-elf/4.1.2/../../../../nios2-elf/lib\libc.a(lib_a-s_isnand.o)
                0x02009578                __isnand
 .text          0x020095a8       0xbc d:/altera/test/13.0sp1/nios2eds/bin/gnu/h-i686-mingw32/bin/../lib/gcc/nios2-elf/4.1.2/../../../../nios2-elf/lib\libc.a(lib_a-strcmp.o)
                0x020095a8                strcmp
 .text          0x02009664       0xb4 d:/altera/test/13.0sp1/nios2eds/bin/gnu/h-i686-mingw32/bin/../lib/gcc/nios2-elf/4.1.2/../../../../nios2-elf/lib\libc.a(lib_a-callocr.o)
                0x02009664                _calloc_r
 .text          0x02009718      0x124 d:/altera/test/13.0sp1/nios2eds/bin/gnu/h-i686-mingw32/bin/../lib/gcc/nios2-elf/4.1.2/../../../../nios2-elf/lib\libc.a(lib_a-fclose.o)
                0x02009718                _fclose_r
                0x02009828                fclose
 .text          0x0200983c      0x5dc d:/altera/test/13.0sp1/nios2eds/bin/gnu/h-i686-mingw32/bin/../lib/gcc/nios2-elf/4.1.2\libgcc.a(_udivdi3.o)
                0x0200983c                __udivdi3
 .text          0x02009e18      0x5b0 d:/altera/test/13.0sp1/nios2eds/bin/gnu/h-i686-mingw32/bin/../lib/gcc/nios2-elf/4.1.2\libgcc.a(_umoddi3.o)
                0x02009e18                __umoddi3
 .text          0x0200a3c8      0x504 d:/altera/test/13.0sp1/nios2eds/bin/gnu/h-i686-mingw32/bin/../lib/gcc/nios2-elf/4.1.2\libgcc.a(_addsub_df.o)
                0x0200a7d8                __subdf3
                0x0200a858                __adddf3
 .text          0x0200a8cc      0x3c4 d:/altera/test/13.0sp1/nios2eds/bin/gnu/h-i686-mingw32/bin/../lib/gcc/nios2-elf/4.1.2\libgcc.a(_mul_df.o)
                0x0200a8cc                __muldf3
 .text          0x0200ac90      0x258 d:/altera/test/13.0sp1/nios2eds/bin/gnu/h-i686-mingw32/bin/../lib/gcc/nios2-elf/4.1.2\libgcc.a(_div_df.o)
                0x0200ac90                __divdf3
 .text          0x0200aee8       0x88 d:/altera/test/13.0sp1/nios2eds/bin/gnu/h-i686-mingw32/bin/../lib/gcc/nios2-elf/4.1.2\libgcc.a(_eq_df.o)
                0x0200aee8                __eqdf2
 .text          0x0200af70       0x88 d:/altera/test/13.0sp1/nios2eds/bin/gnu/h-i686-mingw32/bin/../lib/gcc/nios2-elf/4.1.2\libgcc.a(_ne_df.o)
                0x0200af70                __nedf2
 .text          0x0200aff8       0x88 d:/altera/test/13.0sp1/nios2eds/bin/gnu/h-i686-mingw32/bin/../lib/gcc/nios2-elf/4.1.2\libgcc.a(_gt_df.o)
                0x0200aff8                __gtdf2
 .text          0x0200b080       0x88 d:/altera/test/13.0sp1/nios2eds/bin/gnu/h-i686-mingw32/bin/../lib/gcc/nios2-elf/4.1.2\libgcc.a(_ge_df.o)
                0x0200b080                __gedf2
 .text          0x0200b108       0xd8 d:/altera/test/13.0sp1/nios2eds/bin/gnu/h-i686-mingw32/bin/../lib/gcc/nios2-elf/4.1.2\libgcc.a(_df_to_si.o)
                0x0200b108                __fixdfsi
 .text          0x0200b1e0        0x0 d:/altera/test/13.0sp1/nios2eds/bin/gnu/h-i686-mingw32/bin/../lib/gcc/nios2-elf/4.1.2\libgcc.a(_thenan_df.o)
 .text          0x0200b1e0      0x194 d:/altera/test/13.0sp1/nios2eds/bin/gnu/h-i686-mingw32/bin/../lib/gcc/nios2-elf/4.1.2\libgcc.a(_usi_to_df.o)
                0x0200b1e0                __floatunsidf
 .text          0x0200b374      0x15c ../game_bsp/\libhal_bsp.a(alt_close.o)
                0x0200b374                close
 .text          0x0200b4d0       0x2c ../game_bsp/\libhal_bsp.a(alt_dev.o)
 .text          0x0200b4fc        0x0 ../game_bsp/\libhal_bsp.a(alt_errno.o)
 .text          0x0200b4fc      0x134 ../game_bsp/\libhal_bsp.a(alt_fstat.o)
                0x0200b4fc                fstat
 .text          0x0200b630      0x21c ../game_bsp/\libhal_bsp.a(alt_gettod.o)
                0x0200b630                gettimeofday
 .text          0x0200b84c      0x120 ../game_bsp/\libhal_bsp.a(alt_isatty.o)
                0x0200b84c                isatty
 .text          0x0200b96c       0xec ../game_bsp/\libhal_bsp.a(alt_load.o)
                0x0200b96c                alt_load
 .text          0x0200ba58      0x150 ../game_bsp/\libhal_bsp.a(alt_lseek.o)
                0x0200ba58                lseek
 .text          0x0200bba8       0x6c ../game_bsp/\libhal_bsp.a(alt_main.o)
                0x0200bba8                alt_main
 .text          0x0200bc14       0x40 ../game_bsp/\libhal_bsp.a(alt_malloc_lock.o)
                0x0200bc14                __malloc_lock
                0x0200bc34                __malloc_unlock
 .text          0x0200bc54      0x2c4 ../game_bsp/\libhal_bsp.a(alt_open.o)
                0x0200bd30                open
 .text          0x0200bf18      0x180 ../game_bsp/\libhal_bsp.a(alt_read.o)
                0x0200bf18                read
 .text          0x0200c098       0x60 ../game_bsp/\libhal_bsp.a(alt_release_fd.o)
                0x0200c098                alt_release_fd
 .text          0x0200c0f8       0xbc ../game_bsp/\libhal_bsp.a(alt_sbrk.o)
                0x0200c0f8                sbrk
 .text          0x0200c1b4      0x1a4 ../game_bsp/\libhal_bsp.a(alt_tick.o)
                0x0200c1b4                alt_alarm_stop
                0x0200c24c                alt_tick
 .text          0x0200c358       0x30 ../game_bsp/\libhal_bsp.a(alt_usleep.o)
                0x0200c358                usleep
 .text          0x0200c388      0x180 ../game_bsp/\libhal_bsp.a(alt_write.o)
                0x0200c388                write
 .text          0x0200c508       0xdc ../game_bsp/\libhal_bsp.a(alt_sys_init.o)
                0x0200c508                alt_irq_init
                0x0200c53c                alt_sys_init
 .text          0x0200c5e4      0x148 ../game_bsp/\libhal_bsp.a(altera_avalon_jtag_uart_fd.o)
                0x0200c5e4                altera_avalon_jtag_uart_read_fd
                0x0200c63c                altera_avalon_jtag_uart_write_fd
                0x0200c694                altera_avalon_jtag_uart_close_fd
                0x0200c6dc                altera_avalon_jtag_uart_ioctl_fd
 .text          0x0200c72c      0x40c ../game_bsp/\libhal_bsp.a(altera_avalon_jtag_uart_init.o)
                0x0200c72c                altera_avalon_jtag_uart_init
                0x0200cac4                altera_avalon_jtag_uart_close
 .text          0x0200cb38       0xf4 ../game_bsp/\libhal_bsp.a(altera_avalon_jtag_uart_ioctl.o)
                0x0200cb38                altera_avalon_jtag_uart_ioctl
 .text          0x0200cc2c      0x224 ../game_bsp/\libhal_bsp.a(altera_avalon_jtag_uart_read.o)
                0x0200cc2c                altera_avalon_jtag_uart_read
 .text          0x0200ce50      0x240 ../game_bsp/\libhal_bsp.a(altera_avalon_jtag_uart_write.o)
                0x0200ce50                altera_avalon_jtag_uart_write
 .text          0x0200d090      0xee8 ../game_bsp/\libhal_bsp.a(altera_avalon_lcd_16207.o)
                0x0200d864                altera_avalon_lcd_16207_write
                0x0200de3c                altera_avalon_lcd_16207_init
 .text          0x0200df78       0x58 ../game_bsp/\libhal_bsp.a(altera_avalon_lcd_16207_fd.o)
                0x0200df78                altera_avalon_lcd_16207_write_fd
 .text          0x0200dfd0      0x100 ../game_bsp/\libhal_bsp.a(altera_avalon_timer_sc.o)
                0x0200e040                alt_avalon_timer_sc_init
 .text          0x0200e0d0      0x154 ../game_bsp/\libhal_bsp.a(alt_alarm_start.o)
                0x0200e0d0                alt_alarm_start
 .text          0x0200e224      0x14c ../game_bsp/\libhal_bsp.a(alt_busy_sleep.o)
                0x0200e224                alt_busy_sleep
 .text          0x0200e370       0x44 ../game_bsp/\libhal_bsp.a(alt_dcache_flush_all.o)
                0x0200e370                alt_dcache_flush_all
 .text          0x0200e3b4      0x114 ../game_bsp/\libhal_bsp.a(alt_dev_llist_insert.o)
                0x0200e3b4                alt_dev_llist_insert
 .text          0x0200e4c8       0x64 ../game_bsp/\libhal_bsp.a(alt_do_ctors.o)
                0x0200e4c8                _do_ctors
 .text          0x0200e52c       0x64 ../game_bsp/\libhal_bsp.a(alt_do_dtors.o)
                0x0200e52c                _do_dtors
 .text          0x0200e590       0x94 ../game_bsp/\libhal_bsp.a(alt_find_dev.o)
                0x0200e590                alt_find_dev
 .text          0x0200e624      0x120 ../game_bsp/\libhal_bsp.a(alt_find_file.o)
                0x0200e624                alt_find_file
 .text          0x0200e744       0xb8 ../game_bsp/\libhal_bsp.a(alt_get_fd.o)
                0x0200e744                alt_get_fd
 .text          0x0200e7fc       0x30 ../game_bsp/\libhal_bsp.a(alt_icache_flush_all.o)
                0x0200e7fc                alt_icache_flush_all
 .text          0x0200e82c      0x1d4 ../game_bsp/\libhal_bsp.a(alt_iic.o)
                0x0200e82c                alt_ic_isr_register
                0x0200e87c                alt_ic_irq_enable
                0x0200e918                alt_ic_irq_disable
                0x0200e9b8                alt_ic_irq_enabled
 .text          0x0200ea00       0xf8 ../game_bsp/\libhal_bsp.a(alt_iic_isr_register.o)
                0x0200ea00                alt_iic_isr_register
 .text          0x0200eaf8      0x13c ../game_bsp/\libhal_bsp.a(alt_io_redirect.o)
                0x0200ebbc                alt_io_redirect
 .text          0x0200ec34        0x0 ../game_bsp/\libhal_bsp.a(alt_irq_entry.o)
 .text          0x0200ec34        0x0 ../game_bsp/\libhal_bsp.a(alt_irq_handler.o)
 .text          0x0200ec34        0x0 ../game_bsp/\libhal_bsp.a(alt_irq_vars.o)
 .text          0x0200ec34       0x20 ../game_bsp/\libhal_bsp.a(altera_nios2_irq.o)
                0x0200ec34                altera_nios2_irq_init
 .text          0x0200ec54        0x0 ../game_bsp/\libhal_bsp.a(alt_exception_entry.o)
 .text          0x0200ec54       0x90 ../game_bsp/\libhal_bsp.a(alt_icache_flush.o)
                0x0200ec54                alt_icache_flush
 .text          0x0200ece4       0x14 d:/altera/test/13.0sp1/nios2eds/bin/gnu/h-i686-mingw32/bin/../lib/gcc/nios2-elf/4.1.2/../../../../nios2-elf/lib\libc.a(lib_a-atexit.o)
                0x0200ece4                atexit
 .text          0x0200ecf8        0x0 d:/altera/test/13.0sp1/nios2eds/bin/gnu/h-i686-mingw32/bin/../lib/gcc/nios2-elf/4.1.2/../../../../nios2-elf/lib\libc.a(lib_a-ctype_.o)
 .text          0x0200ecf8       0x38 d:/altera/test/13.0sp1/nios2eds/bin/gnu/h-i686-mingw32/bin/../lib/gcc/nios2-elf/4.1.2/../../../../nios2-elf/lib\libc.a(lib_a-exit.o)
                0x0200ecf8                exit
 .text          0x0200ed30       0x74 d:/altera/test/13.0sp1/nios2eds/bin/gnu/h-i686-mingw32/bin/../lib/gcc/nios2-elf/4.1.2/../../../../nios2-elf/lib\libc.a(lib_a-memcmp.o)
                0x0200ed30                memcmp
 .text          0x0200eda4      0x134 d:/altera/test/13.0sp1/nios2eds/bin/gnu/h-i686-mingw32/bin/../lib/gcc/nios2-elf/4.1.2/../../../../nios2-elf/lib\libc.a(lib_a-__atexit.o)
                0x0200eda4                __register_exitproc
 .text          0x0200eed8      0x1b4 d:/altera/test/13.0sp1/nios2eds/bin/gnu/h-i686-mingw32/bin/../lib/gcc/nios2-elf/4.1.2/../../../../nios2-elf/lib\libc.a(lib_a-__call_atexit.o)
                0x0200eedc                __call_exitprocs
 .text          0x0200f08c       0x60 ../game_bsp/\libhal_bsp.a(alt_exit.o)
                0x0200f0cc                _exit
 *(.gnu.warning.*)
 *(.fini)
                0x0200f0ec                PROVIDE (__etext, ABSOLUTE (.))
                0x0200f0ec                PROVIDE (_etext, ABSOLUTE (.))
                0x0200f0ec                PROVIDE (etext, ABSOLUTE (.))
 *(.eh_frame_hdr)
                0x0200f0ec                . = ALIGN (0x4)
                0x0200f0ec                PROVIDE (__preinit_array_start, ABSOLUTE (.))
 *(.preinit_array)
                0x0200f0ec                PROVIDE (__preinit_array_end, ABSOLUTE (.))
                0x0200f0ec                PROVIDE (__init_array_start, ABSOLUTE (.))
 *(.init_array)
                0x0200f0ec                PROVIDE (__init_array_end, ABSOLUTE (.))
                0x0200f0ec                PROVIDE (__fini_array_start, ABSOLUTE (.))
 *(.fini_array)
                0x0200f0ec                PROVIDE (__fini_array_end, ABSOLUTE (.))
 *(.eh_frame)
 *(.gcc_except_table)
 *(.dynamic)
                0x0200f0ec                PROVIDE (__CTOR_LIST__, ABSOLUTE (.))
 *(.ctors)
 *(SORT(.ctors.*))
 .ctors.65535   0x0200f0ec        0x4 d:/altera/test/13.0sp1/nios2eds/bin/gnu/h-i686-mingw32/bin/../lib/gcc/nios2-elf/4.1.2/../../../../nios2-elf/lib\libc.a(lib_a-__call_atexit.o)
                0x0200f0f0                PROVIDE (__CTOR_END__, ABSOLUTE (.))
                0x0200f0f0                PROVIDE (__DTOR_LIST__, ABSOLUTE (.))
 *(.dtors)
 *(SORT(.dtors.*))
                0x0200f0f0                PROVIDE (__DTOR_END__, ABSOLUTE (.))
 *(.jcr)
                0x0200f0f0                . = ALIGN (0x4)

.rodata         0x0200f0f0      0x810
                0x0200f0f0                PROVIDE (__ram_rodata_start, ABSOLUTE (.))
                0x0200f0f0                . = ALIGN (0x4)
 *(.rodata .rodata.* .gnu.linkonce.r.*)
 .rodata        0x0200f0f0      0x224 obj/default/game.o
 .rodata        0x0200f314       0x10 d:/altera/test/13.0sp1/nios2eds/bin/gnu/h-i686-mingw32/bin/../lib/gcc/nios2-elf/4.1.2\libgcc.a(_thenan_sf.o)
                0x0200f314                __thenan_sf
 .rodata        0x0200f324      0x100 d:/altera/test/13.0sp1/nios2eds/bin/gnu/h-i686-mingw32/bin/../lib/gcc/nios2-elf/4.1.2\libgcc.a(_clz.o)
                0x0200f324                __clz_tab
 .rodata.str1.4
                0x0200f424        0x2 d:/altera/test/13.0sp1/nios2eds/bin/gnu/h-i686-mingw32/bin/../lib/gcc/nios2-elf/4.1.2/../../../../nios2-elf/lib\libc.a(lib_a-impure.o)
                                  0x4 (size before relaxing)
 *fill*         0x0200f426        0x2 00
 .rodata.str1.4
                0x0200f428        0x2 d:/altera/test/13.0sp1/nios2eds/bin/gnu/h-i686-mingw32/bin/../lib/gcc/nios2-elf/4.1.2/../../../../nios2-elf/lib\libc.a(lib_a-puts.o)
                                  0x4 (size before relaxing)
 *fill*         0x0200f42a        0x2 00
 .rodata.str1.4
                0x0200f42c       0x5e d:/altera/test/13.0sp1/nios2eds/bin/gnu/h-i686-mingw32/bin/../lib/gcc/nios2-elf/4.1.2/../../../../nios2-elf/lib\libc.a(lib_a-vfprintf.o)
                                 0x60 (size before relaxing)
 .rodata        0x0200f48a       0x20 d:/altera/test/13.0sp1/nios2eds/bin/gnu/h-i686-mingw32/bin/../lib/gcc/nios2-elf/4.1.2/../../../../nios2-elf/lib\libc.a(lib_a-vfprintf.o)
 *fill*         0x0200f4aa        0x2 00
 .rodata.str1.4
                0x0200f4ac       0x10 d:/altera/test/13.0sp1/nios2eds/bin/gnu/h-i686-mingw32/bin/../lib/gcc/nios2-elf/4.1.2/../../../../nios2-elf/lib\libc.a(lib_a-dtoa.o)
                                 0x14 (size before relaxing)
 .rodata.str1.4
                0x0200f4bc       0x10 d:/altera/test/13.0sp1/nios2eds/bin/gnu/h-i686-mingw32/bin/../lib/gcc/nios2-elf/4.1.2/../../../../nios2-elf/lib\libc.a(lib_a-locale.o)
                                 0x18 (size before relaxing)
 .rodata        0x0200f4cc       0x30 d:/altera/test/13.0sp1/nios2eds/bin/gnu/h-i686-mingw32/bin/../lib/gcc/nios2-elf/4.1.2/../../../../nios2-elf/lib\libc.a(lib_a-locale.o)
 .rodata        0x0200f4fc      0x124 d:/altera/test/13.0sp1/nios2eds/bin/gnu/h-i686-mingw32/bin/../lib/gcc/nios2-elf/4.1.2/../../../../nios2-elf/lib\libc.a(lib_a-mprec.o)
                0x0200f4fc                __mprec_tens
                0x0200f5c4                __mprec_bigtens
                0x0200f5ec                __mprec_tinytens
 .rodata        0x0200f620       0x14 d:/altera/test/13.0sp1/nios2eds/bin/gnu/h-i686-mingw32/bin/../lib/gcc/nios2-elf/4.1.2\libgcc.a(_thenan_df.o)
                0x0200f620                __thenan_df
 .rodata        0x0200f634        0xc ../game_bsp/\libhal_bsp.a(alt_dev.o)
 .rodata        0x0200f640       0x14 ../game_bsp/\libhal_bsp.a(alt_main.o)
 .rodata        0x0200f654       0x28 ../game_bsp/\libhal_bsp.a(alt_sys_init.o)
 .rodata        0x0200f67c      0x281 d:/altera/test/13.0sp1/nios2eds/bin/gnu/h-i686-mingw32/bin/../lib/gcc/nios2-elf/4.1.2/../../../../nios2-elf/lib\libc.a(lib_a-ctype_.o)
                0x0200f67c                _ctype_
 *(.rodata1)
                0x0200f900                . = ALIGN (0x4)
 *fill*         0x0200f8fd        0x3 00
                0x0200f900                PROVIDE (__ram_rodata_end, ABSOLUTE (.))
                0x0200f0f0                PROVIDE (__flash_rodata_start, LOADADDR (.rodata))

.rwdata         0x0200f900     0x1b84 load address 0x02011484
                0x0200f900                PROVIDE (__ram_rwdata_start, ABSOLUTE (.))
                0x0200f900                . = ALIGN (0x4)
 *(.got.plt)
 *(.got)
 *(.data1)
 *(.data .data.* .gnu.linkonce.d.*)
 .data          0x0200f900        0x0 ../game_bsp//obj/HAL/src/crt0.o
 .data          0x0200f900        0x0 obj/default/game.o
 .data          0x0200f900        0x0 d:/altera/test/13.0sp1/nios2eds/bin/gnu/h-i686-mingw32/bin/../lib/gcc/nios2-elf/4.1.2\libgcc.a(_mul_sf.o)
 .data          0x0200f900        0x0 d:/altera/test/13.0sp1/nios2eds/bin/gnu/h-i686-mingw32/bin/../lib/gcc/nios2-elf/4.1.2\libgcc.a(_div_sf.o)
 .data          0x0200f900        0x0 d:/altera/test/13.0sp1/nios2eds/bin/gnu/h-i686-mingw32/bin/../lib/gcc/nios2-elf/4.1.2\libgcc.a(_lt_sf.o)
 .data          0x0200f900        0x0 d:/altera/test/13.0sp1/nios2eds/bin/gnu/h-i686-mingw32/bin/../lib/gcc/nios2-elf/4.1.2\libgcc.a(_si_to_sf.o)
 .data          0x0200f900        0x0 d:/altera/test/13.0sp1/nios2eds/bin/gnu/h-i686-mingw32/bin/../lib/gcc/nios2-elf/4.1.2\libgcc.a(_thenan_sf.o)
 .data          0x0200f900        0x0 d:/altera/test/13.0sp1/nios2eds/bin/gnu/h-i686-mingw32/bin/../lib/gcc/nios2-elf/4.1.2\libgcc.a(_lt_df.o)
 .data          0x0200f900        0x0 d:/altera/test/13.0sp1/nios2eds/bin/gnu/h-i686-mingw32/bin/../lib/gcc/nios2-elf/4.1.2\libgcc.a(_si_to_df.o)
 .data          0x0200f900        0x0 d:/altera/test/13.0sp1/nios2eds/bin/gnu/h-i686-mingw32/bin/../lib/gcc/nios2-elf/4.1.2\libgcc.a(lib2-divmod.o)
 .data          0x0200f900        0x0 d:/altera/test/13.0sp1/nios2eds/bin/gnu/h-i686-mingw32/bin/../lib/gcc/nios2-elf/4.1.2\libgcc.a(_muldi3.o)
 .data          0x0200f900        0x0 d:/altera/test/13.0sp1/nios2eds/bin/gnu/h-i686-mingw32/bin/../lib/gcc/nios2-elf/4.1.2\libgcc.a(_clzsi2.o)
 .data          0x0200f900        0x0 d:/altera/test/13.0sp1/nios2eds/bin/gnu/h-i686-mingw32/bin/../lib/gcc/nios2-elf/4.1.2\libgcc.a(_pack_sf.o)
 .data          0x0200f900        0x0 d:/altera/test/13.0sp1/nios2eds/bin/gnu/h-i686-mingw32/bin/../lib/gcc/nios2-elf/4.1.2\libgcc.a(_unpack_sf.o)
 .data          0x0200f900        0x0 d:/altera/test/13.0sp1/nios2eds/bin/gnu/h-i686-mingw32/bin/../lib/gcc/nios2-elf/4.1.2\libgcc.a(_fpcmp_parts_sf.o)
 .data          0x0200f900        0x0 d:/altera/test/13.0sp1/nios2eds/bin/gnu/h-i686-mingw32/bin/../lib/gcc/nios2-elf/4.1.2\libgcc.a(_pack_df.o)
 .data          0x0200f900        0x0 d:/altera/test/13.0sp1/nios2eds/bin/gnu/h-i686-mingw32/bin/../lib/gcc/nios2-elf/4.1.2\libgcc.a(_unpack_df.o)
 .data          0x0200f900        0x0 d:/altera/test/13.0sp1/nios2eds/bin/gnu/h-i686-mingw32/bin/../lib/gcc/nios2-elf/4.1.2\libgcc.a(_fpcmp_parts_df.o)
 .data          0x0200f900        0x0 d:/altera/test/13.0sp1/nios2eds/bin/gnu/h-i686-mingw32/bin/../lib/gcc/nios2-elf/4.1.2\libgcc.a(_clz.o)
 .data          0x0200f900        0x0 d:/altera/test/13.0sp1/nios2eds/bin/gnu/h-i686-mingw32/bin/../lib/gcc/nios2-elf/4.1.2/../../../../nios2-elf/lib\libc.a(lib_a-difftime.o)
 .data          0x0200f900        0x0 d:/altera/test/13.0sp1/nios2eds/bin/gnu/h-i686-mingw32/bin/../lib/gcc/nios2-elf/4.1.2/../../../../nios2-elf/lib\libc.a(lib_a-fopen.o)
 .data          0x0200f900        0x0 d:/altera/test/13.0sp1/nios2eds/bin/gnu/h-i686-mingw32/bin/../lib/gcc/nios2-elf/4.1.2/../../../../nios2-elf/lib\libc.a(lib_a-fprintf.o)
 .data          0x0200f900        0x0 d:/altera/test/13.0sp1/nios2eds/bin/gnu/h-i686-mingw32/bin/../lib/gcc/nios2-elf/4.1.2/../../../../nios2-elf/lib\libc.a(lib_a-fseek.o)
 .data          0x0200f900        0x0 d:/altera/test/13.0sp1/nios2eds/bin/gnu/h-i686-mingw32/bin/../lib/gcc/nios2-elf/4.1.2/../../../../nios2-elf/lib\libc.a(lib_a-fstatr.o)
 .data          0x0200f900      0x400 d:/altera/test/13.0sp1/nios2eds/bin/gnu/h-i686-mingw32/bin/../lib/gcc/nios2-elf/4.1.2/../../../../nios2-elf/lib\libc.a(lib_a-impure.o)
 .data          0x0200fd00        0x0 d:/altera/test/13.0sp1/nios2eds/bin/gnu/h-i686-mingw32/bin/../lib/gcc/nios2-elf/4.1.2/../../../../nios2-elf/lib\libc.a(lib_a-int_errno.o)
 .data          0x0200fd00        0x0 d:/altera/test/13.0sp1/nios2eds/bin/gnu/h-i686-mingw32/bin/../lib/gcc/nios2-elf/4.1.2/../../../../nios2-elf/lib\libc.a(lib_a-makebuf.o)
 .data          0x0200fd00      0x408 d:/altera/test/13.0sp1/nios2eds/bin/gnu/h-i686-mingw32/bin/../lib/gcc/nios2-elf/4.1.2/../../../../nios2-elf/lib\libc.a(lib_a-mallocr.o)
                0x0200fd00                __malloc_av_
 .data          0x02010108        0x0 d:/altera/test/13.0sp1/nios2eds/bin/gnu/h-i686-mingw32/bin/../lib/gcc/nios2-elf/4.1.2/../../../../nios2-elf/lib\libc.a(lib_a-openr.o)
 .data          0x02010108        0x0 d:/altera/test/13.0sp1/nios2eds/bin/gnu/h-i686-mingw32/bin/../lib/gcc/nios2-elf/4.1.2/../../../../nios2-elf/lib\libc.a(lib_a-printf.o)
 .data          0x02010108        0x0 d:/altera/test/13.0sp1/nios2eds/bin/gnu/h-i686-mingw32/bin/../lib/gcc/nios2-elf/4.1.2/../../../../nios2-elf/lib\libc.a(lib_a-puts.o)
 .data          0x02010108        0x0 d:/altera/test/13.0sp1/nios2eds/bin/gnu/h-i686-mingw32/bin/../lib/gcc/nios2-elf/4.1.2/../../../../nios2-elf/lib\libc.a(lib_a-rand.o)
 .data          0x02010108        0x0 d:/altera/test/13.0sp1/nios2eds/bin/gnu/h-i686-mingw32/bin/../lib/gcc/nios2-elf/4.1.2/../../../../nios2-elf/lib\libc.a(lib_a-refill.o)
 .data          0x02010108        0x0 d:/altera/test/13.0sp1/nios2eds/bin/gnu/h-i686-mingw32/bin/../lib/gcc/nios2-elf/4.1.2/../../../../nios2-elf/lib\libc.a(lib_a-sbrkr.o)
 .data          0x02010108        0x0 d:/altera/test/13.0sp1/nios2eds/bin/gnu/h-i686-mingw32/bin/../lib/gcc/nios2-elf/4.1.2/../../../../nios2-elf/lib\libc.a(lib_a-stdio.o)
 .data          0x02010108        0x0 d:/altera/test/13.0sp1/nios2eds/bin/gnu/h-i686-mingw32/bin/../lib/gcc/nios2-elf/4.1.2/../../../../nios2-elf/lib\libc.a(lib_a-strlen.o)
 .data          0x02010108        0x0 d:/altera/test/13.0sp1/nios2eds/bin/gnu/h-i686-mingw32/bin/../lib/gcc/nios2-elf/4.1.2/../../../../nios2-elf/lib\libc.a(lib_a-time.o)
 .data          0x02010108        0x0 d:/altera/test/13.0sp1/nios2eds/bin/gnu/h-i686-mingw32/bin/../lib/gcc/nios2-elf/4.1.2/../../../../nios2-elf/lib\libc.a(lib_a-vfprintf.o)
 .data          0x02010108        0x0 d:/altera/test/13.0sp1/nios2eds/bin/gnu/h-i686-mingw32/bin/../lib/gcc/nios2-elf/4.1.2/../../../../nios2-elf/lib\libc.a(lib_a-writer.o)
 .data          0x02010108        0x0 d:/altera/test/13.0sp1/nios2eds/bin/gnu/h-i686-mingw32/bin/../lib/gcc/nios2-elf/4.1.2/../../../../nios2-elf/lib\libc.a(lib_a-wsetup.o)
 .data          0x02010108        0x0 d:/altera/test/13.0sp1/nios2eds/bin/gnu/h-i686-mingw32/bin/../lib/gcc/nios2-elf/4.1.2/../../../../nios2-elf/lib\libc.a(lib_a-closer.o)
 .data          0x02010108        0x0 d:/altera/test/13.0sp1/nios2eds/bin/gnu/h-i686-mingw32/bin/../lib/gcc/nios2-elf/4.1.2/../../../../nios2-elf/lib\libc.a(lib_a-dtoa.o)
 .data          0x02010108        0x0 d:/altera/test/13.0sp1/nios2eds/bin/gnu/h-i686-mingw32/bin/../lib/gcc/nios2-elf/4.1.2/../../../../nios2-elf/lib\libc.a(lib_a-fflush.o)
 .data          0x02010108        0x0 d:/altera/test/13.0sp1/nios2eds/bin/gnu/h-i686-mingw32/bin/../lib/gcc/nios2-elf/4.1.2/../../../../nios2-elf/lib\libc.a(lib_a-findfp.o)
 .data          0x02010108        0x0 d:/altera/test/13.0sp1/nios2eds/bin/gnu/h-i686-mingw32/bin/../lib/gcc/nios2-elf/4.1.2/../../../../nios2-elf/lib\libc.a(lib_a-flags.o)
 .data          0x02010108        0x0 d:/altera/test/13.0sp1/nios2eds/bin/gnu/h-i686-mingw32/bin/../lib/gcc/nios2-elf/4.1.2/../../../../nios2-elf/lib\libc.a(lib_a-freer.o)
 .data          0x02010108        0x0 d:/altera/test/13.0sp1/nios2eds/bin/gnu/h-i686-mingw32/bin/../lib/gcc/nios2-elf/4.1.2/../../../../nios2-elf/lib\libc.a(lib_a-fvwrite.o)
 .data          0x02010108        0x0 d:/altera/test/13.0sp1/nios2eds/bin/gnu/h-i686-mingw32/bin/../lib/gcc/nios2-elf/4.1.2/../../../../nios2-elf/lib\libc.a(lib_a-fwalk.o)
 .data          0x02010108        0x0 d:/altera/test/13.0sp1/nios2eds/bin/gnu/h-i686-mingw32/bin/../lib/gcc/nios2-elf/4.1.2/../../../../nios2-elf/lib\libc.a(lib_a-gettimeofdayr.o)
 .data          0x02010108        0x0 d:/altera/test/13.0sp1/nios2eds/bin/gnu/h-i686-mingw32/bin/../lib/gcc/nios2-elf/4.1.2/../../../../nios2-elf/lib\libc.a(lib_a-isattyr.o)
 .data          0x02010108        0xc d:/altera/test/13.0sp1/nios2eds/bin/gnu/h-i686-mingw32/bin/../lib/gcc/nios2-elf/4.1.2/../../../../nios2-elf/lib\libc.a(lib_a-locale.o)
                0x02010108                __lc_ctype
 .data          0x02010114        0x0 d:/altera/test/13.0sp1/nios2eds/bin/gnu/h-i686-mingw32/bin/../lib/gcc/nios2-elf/4.1.2/../../../../nios2-elf/lib\libc.a(lib_a-lseekr.o)
 .data          0x02010114        0x0 d:/altera/test/13.0sp1/nios2eds/bin/gnu/h-i686-mingw32/bin/../lib/gcc/nios2-elf/4.1.2/../../../../nios2-elf/lib\libc.a(lib_a-memchr.o)
 .data          0x02010114        0x0 d:/altera/test/13.0sp1/nios2eds/bin/gnu/h-i686-mingw32/bin/../lib/gcc/nios2-elf/4.1.2/../../../../nios2-elf/lib\libc.a(lib_a-memcpy.o)
 .data          0x02010114        0x0 d:/altera/test/13.0sp1/nios2eds/bin/gnu/h-i686-mingw32/bin/../lib/gcc/nios2-elf/4.1.2/../../../../nios2-elf/lib\libc.a(lib_a-memmove.o)
 .data          0x02010114        0x0 d:/altera/test/13.0sp1/nios2eds/bin/gnu/h-i686-mingw32/bin/../lib/gcc/nios2-elf/4.1.2/../../../../nios2-elf/lib\libc.a(lib_a-memset.o)
 .data          0x02010114        0x0 d:/altera/test/13.0sp1/nios2eds/bin/gnu/h-i686-mingw32/bin/../lib/gcc/nios2-elf/4.1.2/../../../../nios2-elf/lib\libc.a(lib_a-mprec.o)
 .data          0x02010114        0x0 d:/altera/test/13.0sp1/nios2eds/bin/gnu/h-i686-mingw32/bin/../lib/gcc/nios2-elf/4.1.2/../../../../nios2-elf/lib\libc.a(lib_a-readr.o)
 .data          0x02010114        0x0 d:/altera/test/13.0sp1/nios2eds/bin/gnu/h-i686-mingw32/bin/../lib/gcc/nios2-elf/4.1.2/../../../../nios2-elf/lib\libc.a(lib_a-reallocr.o)
 .data          0x02010114        0x0 d:/altera/test/13.0sp1/nios2eds/bin/gnu/h-i686-mingw32/bin/../lib/gcc/nios2-elf/4.1.2/../../../../nios2-elf/lib\libc.a(lib_a-s_isinfd.o)
 .data          0x02010114        0x0 d:/altera/test/13.0sp1/nios2eds/bin/gnu/h-i686-mingw32/bin/../lib/gcc/nios2-elf/4.1.2/../../../../nios2-elf/lib\libc.a(lib_a-s_isnand.o)
 .data          0x02010114        0x0 d:/altera/test/13.0sp1/nios2eds/bin/gnu/h-i686-mingw32/bin/../lib/gcc/nios2-elf/4.1.2/../../../../nios2-elf/lib\libc.a(lib_a-strcmp.o)
 .data          0x02010114        0x0 d:/altera/test/13.0sp1/nios2eds/bin/gnu/h-i686-mingw32/bin/../lib/gcc/nios2-elf/4.1.2/../../../../nios2-elf/lib\libc.a(lib_a-callocr.o)
 .data          0x02010114        0x0 d:/altera/test/13.0sp1/nios2eds/bin/gnu/h-i686-mingw32/bin/../lib/gcc/nios2-elf/4.1.2/../../../../nios2-elf/lib\libc.a(lib_a-fclose.o)
 .data          0x02010114        0x0 d:/altera/test/13.0sp1/nios2eds/bin/gnu/h-i686-mingw32/bin/../lib/gcc/nios2-elf/4.1.2\libgcc.a(_udivdi3.o)
 .data          0x02010114        0x0 d:/altera/test/13.0sp1/nios2eds/bin/gnu/h-i686-mingw32/bin/../lib/gcc/nios2-elf/4.1.2\libgcc.a(_umoddi3.o)
 .data          0x02010114        0x0 d:/altera/test/13.0sp1/nios2eds/bin/gnu/h-i686-mingw32/bin/../lib/gcc/nios2-elf/4.1.2\libgcc.a(_addsub_df.o)
 .data          0x02010114        0x0 d:/altera/test/13.0sp1/nios2eds/bin/gnu/h-i686-mingw32/bin/../lib/gcc/nios2-elf/4.1.2\libgcc.a(_mul_df.o)
 .data          0x02010114        0x0 d:/altera/test/13.0sp1/nios2eds/bin/gnu/h-i686-mingw32/bin/../lib/gcc/nios2-elf/4.1.2\libgcc.a(_div_df.o)
 .data          0x02010114        0x0 d:/altera/test/13.0sp1/nios2eds/bin/gnu/h-i686-mingw32/bin/../lib/gcc/nios2-elf/4.1.2\libgcc.a(_eq_df.o)
 .data          0x02010114        0x0 d:/altera/test/13.0sp1/nios2eds/bin/gnu/h-i686-mingw32/bin/../lib/gcc/nios2-elf/4.1.2\libgcc.a(_ne_df.o)
 .data          0x02010114        0x0 d:/altera/test/13.0sp1/nios2eds/bin/gnu/h-i686-mingw32/bin/../lib/gcc/nios2-elf/4.1.2\libgcc.a(_gt_df.o)
 .data          0x02010114        0x0 d:/altera/test/13.0sp1/nios2eds/bin/gnu/h-i686-mingw32/bin/../lib/gcc/nios2-elf/4.1.2\libgcc.a(_ge_df.o)
 .data          0x02010114        0x0 d:/altera/test/13.0sp1/nios2eds/bin/gnu/h-i686-mingw32/bin/../lib/gcc/nios2-elf/4.1.2\libgcc.a(_df_to_si.o)
 .data          0x02010114        0x0 d:/altera/test/13.0sp1/nios2eds/bin/gnu/h-i686-mingw32/bin/../lib/gcc/nios2-elf/4.1.2\libgcc.a(_thenan_df.o)
 .data          0x02010114        0x0 d:/altera/test/13.0sp1/nios2eds/bin/gnu/h-i686-mingw32/bin/../lib/gcc/nios2-elf/4.1.2\libgcc.a(_usi_to_df.o)
 .data          0x02010114        0x0 ../game_bsp/\libhal_bsp.a(alt_close.o)
 .data          0x02010114      0x1a8 ../game_bsp/\libhal_bsp.a(alt_dev.o)
                0x02010114                alt_dev_null
                0x0201013c                alt_fd_list
 .data          0x020102bc        0x0 ../game_bsp/\libhal_bsp.a(alt_errno.o)
 .data          0x020102bc        0x0 ../game_bsp/\libhal_bsp.a(alt_fstat.o)
 .data          0x020102bc        0x0 ../game_bsp/\libhal_bsp.a(alt_gettod.o)
 .data          0x020102bc        0x0 ../game_bsp/\libhal_bsp.a(alt_isatty.o)
 .data          0x020102bc        0x0 ../game_bsp/\libhal_bsp.a(alt_load.o)
 .data          0x020102bc        0x0 ../game_bsp/\libhal_bsp.a(alt_lseek.o)
 .data          0x020102bc        0x0 ../game_bsp/\libhal_bsp.a(alt_main.o)
 .data          0x020102bc        0x0 ../game_bsp/\libhal_bsp.a(alt_malloc_lock.o)
 .data          0x020102bc        0x0 ../game_bsp/\libhal_bsp.a(alt_open.o)
 .data          0x020102bc        0x0 ../game_bsp/\libhal_bsp.a(alt_read.o)
 .data          0x020102bc        0x0 ../game_bsp/\libhal_bsp.a(alt_release_fd.o)
 .data          0x020102bc        0x0 ../game_bsp/\libhal_bsp.a(alt_sbrk.o)
 .data          0x020102bc        0x0 ../game_bsp/\libhal_bsp.a(alt_tick.o)
 .data          0x020102bc        0x0 ../game_bsp/\libhal_bsp.a(alt_usleep.o)
 .data          0x020102bc        0x0 ../game_bsp/\libhal_bsp.a(alt_write.o)
 .data          0x020102bc     0x1180 ../game_bsp/\libhal_bsp.a(alt_sys_init.o)
 .data          0x0201143c        0x0 ../game_bsp/\libhal_bsp.a(altera_avalon_jtag_uart_fd.o)
 .data          0x0201143c        0x0 ../game_bsp/\libhal_bsp.a(altera_avalon_jtag_uart_init.o)
 .data          0x0201143c        0x0 ../game_bsp/\libhal_bsp.a(altera_avalon_jtag_uart_ioctl.o)
 .data          0x0201143c        0x0 ../game_bsp/\libhal_bsp.a(altera_avalon_jtag_uart_read.o)
 .data          0x0201143c        0x0 ../game_bsp/\libhal_bsp.a(altera_avalon_jtag_uart_write.o)
 .data          0x0201143c        0x0 ../game_bsp/\libhal_bsp.a(altera_avalon_lcd_16207.o)
 .data          0x0201143c        0x0 ../game_bsp/\libhal_bsp.a(altera_avalon_lcd_16207_fd.o)
 .data          0x0201143c        0x0 ../game_bsp/\libhal_bsp.a(altera_avalon_timer_sc.o)
 .data          0x0201143c        0x0 ../game_bsp/\libhal_bsp.a(alt_alarm_start.o)
 .data          0x0201143c        0x0 ../game_bsp/\libhal_bsp.a(alt_busy_sleep.o)
 .data          0x0201143c        0x0 ../game_bsp/\libhal_bsp.a(alt_dcache_flush_all.o)
 .data          0x0201143c        0x0 ../game_bsp/\libhal_bsp.a(alt_dev_llist_insert.o)
 .data          0x0201143c        0x0 ../game_bsp/\libhal_bsp.a(alt_do_ctors.o)
 .data          0x0201143c        0x0 ../game_bsp/\libhal_bsp.a(alt_do_dtors.o)
 .data          0x0201143c        0x0 ../game_bsp/\libhal_bsp.a(alt_find_dev.o)
 .data          0x0201143c        0x0 ../game_bsp/\libhal_bsp.a(alt_find_file.o)
 .data          0x0201143c        0x0 ../game_bsp/\libhal_bsp.a(alt_get_fd.o)
 .data          0x0201143c        0x0 ../game_bsp/\libhal_bsp.a(alt_icache_flush_all.o)
 .data          0x0201143c        0x0 ../game_bsp/\libhal_bsp.a(alt_iic.o)
 .data          0x0201143c        0x0 ../game_bsp/\libhal_bsp.a(alt_iic_isr_register.o)
 .data          0x0201143c        0x0 ../game_bsp/\libhal_bsp.a(alt_io_redirect.o)
 .data          0x0201143c        0x0 ../game_bsp/\libhal_bsp.a(alt_irq_entry.o)
 .data          0x0201143c        0x0 ../game_bsp/\libhal_bsp.a(alt_irq_handler.o)
 .data          0x0201143c        0x0 ../game_bsp/\libhal_bsp.a(alt_irq_vars.o)
 .data          0x0201143c        0x0 ../game_bsp/\libhal_bsp.a(altera_nios2_irq.o)
 .data          0x0201143c        0x0 ../game_bsp/\libhal_bsp.a(alt_exception_entry.o)
 .data          0x0201143c        0x0 ../game_bsp/\libhal_bsp.a(alt_icache_flush.o)
 .data          0x0201143c        0x0 d:/altera/test/13.0sp1/nios2eds/bin/gnu/h-i686-mingw32/bin/../lib/gcc/nios2-elf/4.1.2/../../../../nios2-elf/lib\libc.a(lib_a-atexit.o)
 .data          0x0201143c        0x0 d:/altera/test/13.0sp1/nios2eds/bin/gnu/h-i686-mingw32/bin/../lib/gcc/nios2-elf/4.1.2/../../../../nios2-elf/lib\libc.a(lib_a-ctype_.o)
 .data          0x0201143c        0x0 d:/altera/test/13.0sp1/nios2eds/bin/gnu/h-i686-mingw32/bin/../lib/gcc/nios2-elf/4.1.2/../../../../nios2-elf/lib\libc.a(lib_a-exit.o)
 .data          0x0201143c        0x0 d:/altera/test/13.0sp1/nios2eds/bin/gnu/h-i686-mingw32/bin/../lib/gcc/nios2-elf/4.1.2/../../../../nios2-elf/lib\libc.a(lib_a-memcmp.o)
 .data          0x0201143c        0x0 d:/altera/test/13.0sp1/nios2eds/bin/gnu/h-i686-mingw32/bin/../lib/gcc/nios2-elf/4.1.2/../../../../nios2-elf/lib\libc.a(lib_a-__atexit.o)
 .data          0x0201143c        0x0 d:/altera/test/13.0sp1/nios2eds/bin/gnu/h-i686-mingw32/bin/../lib/gcc/nios2-elf/4.1.2/../../../../nios2-elf/lib\libc.a(lib_a-__call_atexit.o)
 .data          0x0201143c        0x0 ../game_bsp/\libhal_bsp.a(alt_exit.o)
                0x0201943c                _gp = ABSOLUTE ((. + 0x8000))
                0x0201943c                PROVIDE (gp, _gp)
 *(.rwdata .rwdata.*)
 *(.sdata .sdata.* .gnu.linkonce.s.*)
 .sdata         0x0201143c        0x8 d:/altera/test/13.0sp1/nios2eds/bin/gnu/h-i686-mingw32/bin/../lib/gcc/nios2-elf/4.1.2/../../../../nios2-elf/lib\libc.a(lib_a-impure.o)
                0x0201143c                _impure_ptr
                0x02011440                _global_impure_ptr
 .sdata         0x02011444        0x8 d:/altera/test/13.0sp1/nios2eds/bin/gnu/h-i686-mingw32/bin/../lib/gcc/nios2-elf/4.1.2/../../../../nios2-elf/lib\libc.a(lib_a-mallocr.o)
                0x02011444                __malloc_trim_threshold
                0x02011448                __malloc_sbrk_base
 .sdata         0x0201144c        0x8 d:/altera/test/13.0sp1/nios2eds/bin/gnu/h-i686-mingw32/bin/../lib/gcc/nios2-elf/4.1.2/../../../../nios2-elf/lib\libc.a(lib_a-locale.o)
                0x0201144c                __mb_cur_max
 .sdata         0x02011454       0x14 ../game_bsp/\libhal_bsp.a(alt_dev.o)
                0x02011454                alt_fs_list
                0x0201145c                alt_dev_list
                0x02011464                alt_max_fd
 .sdata         0x02011468        0x4 ../game_bsp/\libhal_bsp.a(alt_errno.o)
                0x02011468                alt_errno
 .sdata         0x0201146c        0x4 ../game_bsp/\libhal_bsp.a(alt_sbrk.o)
 .sdata         0x02011470        0x8 ../game_bsp/\libhal_bsp.a(alt_tick.o)
                0x02011470                alt_alarm_list
 .sdata         0x02011478        0x4 ../game_bsp/\libhal_bsp.a(altera_avalon_lcd_16207.o)
 .sdata         0x0201147c        0x4 ../game_bsp/\libhal_bsp.a(alt_irq_vars.o)
                0x0201147c                alt_priority_mask
 .sdata         0x02011480        0x4 d:/altera/test/13.0sp1/nios2eds/bin/gnu/h-i686-mingw32/bin/../lib/gcc/nios2-elf/4.1.2/../../../../nios2-elf/lib\libc.a(lib_a-ctype_.o)
                0x02011480                __ctype_ptr
 *(.sdata2 .sdata2.* .gnu.linkonce.s2.*)
                0x02011484                . = ALIGN (0x4)
                0x02011484                _edata = ABSOLUTE (.)
                0x02011484                PROVIDE (edata, ABSOLUTE (.))
                0x02011484                PROVIDE (__ram_rwdata_end, ABSOLUTE (.))
                0x02011484                PROVIDE (__flash_rwdata_start, LOADADDR (.rwdata))

.bss            0x02013008      0x30c
                0x02013008                __bss_start = ABSOLUTE (.)
                0x02013008                PROVIDE (__sbss_start, ABSOLUTE (.))
                0x02013008                PROVIDE (___sbss_start, ABSOLUTE (.))
 *(.dynsbss)
 *(.sbss .sbss.* .gnu.linkonce.sb.*)
 .sbss          0x02013008       0x10 obj/default/game.o
 .sbss          0x02013018        0x4 d:/altera/test/13.0sp1/nios2eds/bin/gnu/h-i686-mingw32/bin/../lib/gcc/nios2-elf/4.1.2/../../../../nios2-elf/lib\libc.a(lib_a-int_errno.o)
                0x02013018                errno
 .sbss          0x0201301c        0xc d:/altera/test/13.0sp1/nios2eds/bin/gnu/h-i686-mingw32/bin/../lib/gcc/nios2-elf/4.1.2/../../../../nios2-elf/lib\libc.a(lib_a-mallocr.o)
                0x0201301c                __malloc_top_pad
                0x02013020                __malloc_max_sbrked_mem
                0x02013024                __malloc_max_total_mem
 .sbss          0x02013028        0xc d:/altera/test/13.0sp1/nios2eds/bin/gnu/h-i686-mingw32/bin/../lib/gcc/nios2-elf/4.1.2/../../../../nios2-elf/lib\libc.a(lib_a-locale.o)
                0x02013028                __nlocale_changed
                0x0201302c                __mlocale_changed
                0x02013030                _PathLocale
 .sbss          0x02013034       0x10 ../game_bsp/\libhal_bsp.a(alt_gettod.o)
                0x02013034                alt_timezone
                0x0201303c                alt_resettime
 .sbss          0x02013044        0xc ../game_bsp/\libhal_bsp.a(alt_main.o)
                0x02013044                alt_argc
                0x02013048                alt_argv
                0x0201304c                alt_envp
 .sbss          0x02013050        0x8 ../game_bsp/\libhal_bsp.a(alt_tick.o)
                0x02013050                _alt_tick_rate
                0x02013054                _alt_nticks
 .sbss          0x02013058        0x4 ../game_bsp/\libhal_bsp.a(alt_irq_vars.o)
                0x02013058                alt_irq_active
 *(.sbss2 .sbss2.* .gnu.linkonce.sb2.*)
 *(.scommon)
                0x0201305c                PROVIDE (__sbss_end, ABSOLUTE (.))
                0x0201305c                PROVIDE (___sbss_end, ABSOLUTE (.))
 *(.dynbss)
 *(.bss .bss.* .gnu.linkonce.b.*)
 .bss           0x0201305c        0x0 ../game_bsp//obj/HAL/src/crt0.o
 .bss           0x0201305c        0x0 obj/default/game.o
 .bss           0x0201305c        0x0 d:/altera/test/13.0sp1/nios2eds/bin/gnu/h-i686-mingw32/bin/../lib/gcc/nios2-elf/4.1.2\libgcc.a(_mul_sf.o)
 .bss           0x0201305c        0x0 d:/altera/test/13.0sp1/nios2eds/bin/gnu/h-i686-mingw32/bin/../lib/gcc/nios2-elf/4.1.2\libgcc.a(_div_sf.o)
 .bss           0x0201305c        0x0 d:/altera/test/13.0sp1/nios2eds/bin/gnu/h-i686-mingw32/bin/../lib/gcc/nios2-elf/4.1.2\libgcc.a(_lt_sf.o)
 .bss           0x0201305c        0x0 d:/altera/test/13.0sp1/nios2eds/bin/gnu/h-i686-mingw32/bin/../lib/gcc/nios2-elf/4.1.2\libgcc.a(_si_to_sf.o)
 .bss           0x0201305c        0x0 d:/altera/test/13.0sp1/nios2eds/bin/gnu/h-i686-mingw32/bin/../lib/gcc/nios2-elf/4.1.2\libgcc.a(_thenan_sf.o)
 .bss           0x0201305c        0x0 d:/altera/test/13.0sp1/nios2eds/bin/gnu/h-i686-mingw32/bin/../lib/gcc/nios2-elf/4.1.2\libgcc.a(_lt_df.o)
 .bss           0x0201305c        0x0 d:/altera/test/13.0sp1/nios2eds/bin/gnu/h-i686-mingw32/bin/../lib/gcc/nios2-elf/4.1.2\libgcc.a(_si_to_df.o)
 .bss           0x0201305c        0x0 d:/altera/test/13.0sp1/nios2eds/bin/gnu/h-i686-mingw32/bin/../lib/gcc/nios2-elf/4.1.2\libgcc.a(lib2-divmod.o)
 .bss           0x0201305c        0x0 d:/altera/test/13.0sp1/nios2eds/bin/gnu/h-i686-mingw32/bin/../lib/gcc/nios2-elf/4.1.2\libgcc.a(_muldi3.o)
 .bss           0x0201305c        0x0 d:/altera/test/13.0sp1/nios2eds/bin/gnu/h-i686-mingw32/bin/../lib/gcc/nios2-elf/4.1.2\libgcc.a(_clzsi2.o)
 .bss           0x0201305c        0x0 d:/altera/test/13.0sp1/nios2eds/bin/gnu/h-i686-mingw32/bin/../lib/gcc/nios2-elf/4.1.2\libgcc.a(_pack_sf.o)
 .bss           0x0201305c        0x0 d:/altera/test/13.0sp1/nios2eds/bin/gnu/h-i686-mingw32/bin/../lib/gcc/nios2-elf/4.1.2\libgcc.a(_unpack_sf.o)
 .bss           0x0201305c        0x0 d:/altera/test/13.0sp1/nios2eds/bin/gnu/h-i686-mingw32/bin/../lib/gcc/nios2-elf/4.1.2\libgcc.a(_fpcmp_parts_sf.o)
 .bss           0x0201305c        0x0 d:/altera/test/13.0sp1/nios2eds/bin/gnu/h-i686-mingw32/bin/../lib/gcc/nios2-elf/4.1.2\libgcc.a(_pack_df.o)
 .bss           0x0201305c        0x0 d:/altera/test/13.0sp1/nios2eds/bin/gnu/h-i686-mingw32/bin/../lib/gcc/nios2-elf/4.1.2\libgcc.a(_unpack_df.o)
 .bss           0x0201305c        0x0 d:/altera/test/13.0sp1/nios2eds/bin/gnu/h-i686-mingw32/bin/../lib/gcc/nios2-elf/4.1.2\libgcc.a(_fpcmp_parts_df.o)
 .bss           0x0201305c        0x0 d:/altera/test/13.0sp1/nios2eds/bin/gnu/h-i686-mingw32/bin/../lib/gcc/nios2-elf/4.1.2\libgcc.a(_clz.o)
 .bss           0x0201305c        0x0 d:/altera/test/13.0sp1/nios2eds/bin/gnu/h-i686-mingw32/bin/../lib/gcc/nios2-elf/4.1.2/../../../../nios2-elf/lib\libc.a(lib_a-difftime.o)
 .bss           0x0201305c        0x0 d:/altera/test/13.0sp1/nios2eds/bin/gnu/h-i686-mingw32/bin/../lib/gcc/nios2-elf/4.1.2/../../../../nios2-elf/lib\libc.a(lib_a-fopen.o)
 .bss           0x0201305c        0x0 d:/altera/test/13.0sp1/nios2eds/bin/gnu/h-i686-mingw32/bin/../lib/gcc/nios2-elf/4.1.2/../../../../nios2-elf/lib\libc.a(lib_a-fprintf.o)
 .bss           0x0201305c        0x0 d:/altera/test/13.0sp1/nios2eds/bin/gnu/h-i686-mingw32/bin/../lib/gcc/nios2-elf/4.1.2/../../../../nios2-elf/lib\libc.a(lib_a-fseek.o)
 .bss           0x0201305c        0x0 d:/altera/test/13.0sp1/nios2eds/bin/gnu/h-i686-mingw32/bin/../lib/gcc/nios2-elf/4.1.2/../../../../nios2-elf/lib\libc.a(lib_a-fstatr.o)
 .bss           0x0201305c        0x0 d:/altera/test/13.0sp1/nios2eds/bin/gnu/h-i686-mingw32/bin/../lib/gcc/nios2-elf/4.1.2/../../../../nios2-elf/lib\libc.a(lib_a-impure.o)
 .bss           0x0201305c        0x0 d:/altera/test/13.0sp1/nios2eds/bin/gnu/h-i686-mingw32/bin/../lib/gcc/nios2-elf/4.1.2/../../../../nios2-elf/lib\libc.a(lib_a-int_errno.o)
 .bss           0x0201305c        0x0 d:/altera/test/13.0sp1/nios2eds/bin/gnu/h-i686-mingw32/bin/../lib/gcc/nios2-elf/4.1.2/../../../../nios2-elf/lib\libc.a(lib_a-makebuf.o)
 .bss           0x0201305c       0x28 d:/altera/test/13.0sp1/nios2eds/bin/gnu/h-i686-mingw32/bin/../lib/gcc/nios2-elf/4.1.2/../../../../nios2-elf/lib\libc.a(lib_a-mallocr.o)
                0x0201305c                __malloc_current_mallinfo
 .bss           0x02013084        0x0 d:/altera/test/13.0sp1/nios2eds/bin/gnu/h-i686-mingw32/bin/../lib/gcc/nios2-elf/4.1.2/../../../../nios2-elf/lib\libc.a(lib_a-openr.o)
 .bss           0x02013084        0x0 d:/altera/test/13.0sp1/nios2eds/bin/gnu/h-i686-mingw32/bin/../lib/gcc/nios2-elf/4.1.2/../../../../nios2-elf/lib\libc.a(lib_a-printf.o)
 .bss           0x02013084        0x0 d:/altera/test/13.0sp1/nios2eds/bin/gnu/h-i686-mingw32/bin/../lib/gcc/nios2-elf/4.1.2/../../../../nios2-elf/lib\libc.a(lib_a-puts.o)
 .bss           0x02013084        0x0 d:/altera/test/13.0sp1/nios2eds/bin/gnu/h-i686-mingw32/bin/../lib/gcc/nios2-elf/4.1.2/../../../../nios2-elf/lib\libc.a(lib_a-rand.o)
 .bss           0x02013084        0x0 d:/altera/test/13.0sp1/nios2eds/bin/gnu/h-i686-mingw32/bin/../lib/gcc/nios2-elf/4.1.2/../../../../nios2-elf/lib\libc.a(lib_a-refill.o)
 .bss           0x02013084        0x0 d:/altera/test/13.0sp1/nios2eds/bin/gnu/h-i686-mingw32/bin/../lib/gcc/nios2-elf/4.1.2/../../../../nios2-elf/lib\libc.a(lib_a-sbrkr.o)
 .bss           0x02013084        0x0 d:/altera/test/13.0sp1/nios2eds/bin/gnu/h-i686-mingw32/bin/../lib/gcc/nios2-elf/4.1.2/../../../../nios2-elf/lib\libc.a(lib_a-stdio.o)
 .bss           0x02013084        0x0 d:/altera/test/13.0sp1/nios2eds/bin/gnu/h-i686-mingw32/bin/../lib/gcc/nios2-elf/4.1.2/../../../../nios2-elf/lib\libc.a(lib_a-strlen.o)
 .bss           0x02013084        0x0 d:/altera/test/13.0sp1/nios2eds/bin/gnu/h-i686-mingw32/bin/../lib/gcc/nios2-elf/4.1.2/../../../../nios2-elf/lib\libc.a(lib_a-time.o)
 .bss           0x02013084        0x0 d:/altera/test/13.0sp1/nios2eds/bin/gnu/h-i686-mingw32/bin/../lib/gcc/nios2-elf/4.1.2/../../../../nios2-elf/lib\libc.a(lib_a-vfprintf.o)
 .bss           0x02013084        0x0 d:/altera/test/13.0sp1/nios2eds/bin/gnu/h-i686-mingw32/bin/../lib/gcc/nios2-elf/4.1.2/../../../../nios2-elf/lib\libc.a(lib_a-writer.o)
 .bss           0x02013084        0x0 d:/altera/test/13.0sp1/nios2eds/bin/gnu/h-i686-mingw32/bin/../lib/gcc/nios2-elf/4.1.2/../../../../nios2-elf/lib\libc.a(lib_a-wsetup.o)
 .bss           0x02013084        0x0 d:/altera/test/13.0sp1/nios2eds/bin/gnu/h-i686-mingw32/bin/../lib/gcc/nios2-elf/4.1.2/../../../../nios2-elf/lib\libc.a(lib_a-closer.o)
 .bss           0x02013084        0x0 d:/altera/test/13.0sp1/nios2eds/bin/gnu/h-i686-mingw32/bin/../lib/gcc/nios2-elf/4.1.2/../../../../nios2-elf/lib\libc.a(lib_a-dtoa.o)
 .bss           0x02013084        0x0 d:/altera/test/13.0sp1/nios2eds/bin/gnu/h-i686-mingw32/bin/../lib/gcc/nios2-elf/4.1.2/../../../../nios2-elf/lib\libc.a(lib_a-fflush.o)
 .bss           0x02013084        0x0 d:/altera/test/13.0sp1/nios2eds/bin/gnu/h-i686-mingw32/bin/../lib/gcc/nios2-elf/4.1.2/../../../../nios2-elf/lib\libc.a(lib_a-findfp.o)
 .bss           0x02013084        0x0 d:/altera/test/13.0sp1/nios2eds/bin/gnu/h-i686-mingw32/bin/../lib/gcc/nios2-elf/4.1.2/../../../../nios2-elf/lib\libc.a(lib_a-flags.o)
 .bss           0x02013084        0x0 d:/altera/test/13.0sp1/nios2eds/bin/gnu/h-i686-mingw32/bin/../lib/gcc/nios2-elf/4.1.2/../../../../nios2-elf/lib\libc.a(lib_a-freer.o)
 .bss           0x02013084        0x0 d:/altera/test/13.0sp1/nios2eds/bin/gnu/h-i686-mingw32/bin/../lib/gcc/nios2-elf/4.1.2/../../../../nios2-elf/lib\libc.a(lib_a-fvwrite.o)
 .bss           0x02013084        0x0 d:/altera/test/13.0sp1/nios2eds/bin/gnu/h-i686-mingw32/bin/../lib/gcc/nios2-elf/4.1.2/../../../../nios2-elf/lib\libc.a(lib_a-fwalk.o)
 .bss           0x02013084        0x0 d:/altera/test/13.0sp1/nios2eds/bin/gnu/h-i686-mingw32/bin/../lib/gcc/nios2-elf/4.1.2/../../../../nios2-elf/lib\libc.a(lib_a-gettimeofdayr.o)
 .bss           0x02013084        0x0 d:/altera/test/13.0sp1/nios2eds/bin/gnu/h-i686-mingw32/bin/../lib/gcc/nios2-elf/4.1.2/../../../../nios2-elf/lib\libc.a(lib_a-isattyr.o)
 .bss           0x02013084        0x0 d:/altera/test/13.0sp1/nios2eds/bin/gnu/h-i686-mingw32/bin/../lib/gcc/nios2-elf/4.1.2/../../../../nios2-elf/lib\libc.a(lib_a-locale.o)
 .bss           0x02013084        0x0 d:/altera/test/13.0sp1/nios2eds/bin/gnu/h-i686-mingw32/bin/../lib/gcc/nios2-elf/4.1.2/../../../../nios2-elf/lib\libc.a(lib_a-lseekr.o)
 .bss           0x02013084        0x0 d:/altera/test/13.0sp1/nios2eds/bin/gnu/h-i686-mingw32/bin/../lib/gcc/nios2-elf/4.1.2/../../../../nios2-elf/lib\libc.a(lib_a-memchr.o)
 .bss           0x02013084        0x0 d:/altera/test/13.0sp1/nios2eds/bin/gnu/h-i686-mingw32/bin/../lib/gcc/nios2-elf/4.1.2/../../../../nios2-elf/lib\libc.a(lib_a-memcpy.o)
 .bss           0x02013084        0x0 d:/altera/test/13.0sp1/nios2eds/bin/gnu/h-i686-mingw32/bin/../lib/gcc/nios2-elf/4.1.2/../../../../nios2-elf/lib\libc.a(lib_a-memmove.o)
 .bss           0x02013084        0x0 d:/altera/test/13.0sp1/nios2eds/bin/gnu/h-i686-mingw32/bin/../lib/gcc/nios2-elf/4.1.2/../../../../nios2-elf/lib\libc.a(lib_a-memset.o)
 .bss           0x02013084        0x0 d:/altera/test/13.0sp1/nios2eds/bin/gnu/h-i686-mingw32/bin/../lib/gcc/nios2-elf/4.1.2/../../../../nios2-elf/lib\libc.a(lib_a-mprec.o)
 .bss           0x02013084        0x0 d:/altera/test/13.0sp1/nios2eds/bin/gnu/h-i686-mingw32/bin/../lib/gcc/nios2-elf/4.1.2/../../../../nios2-elf/lib\libc.a(lib_a-readr.o)
 .bss           0x02013084        0x0 d:/altera/test/13.0sp1/nios2eds/bin/gnu/h-i686-mingw32/bin/../lib/gcc/nios2-elf/4.1.2/../../../../nios2-elf/lib\libc.a(lib_a-reallocr.o)
 .bss           0x02013084        0x0 d:/altera/test/13.0sp1/nios2eds/bin/gnu/h-i686-mingw32/bin/../lib/gcc/nios2-elf/4.1.2/../../../../nios2-elf/lib\libc.a(lib_a-s_isinfd.o)
 .bss           0x02013084        0x0 d:/altera/test/13.0sp1/nios2eds/bin/gnu/h-i686-mingw32/bin/../lib/gcc/nios2-elf/4.1.2/../../../../nios2-elf/lib\libc.a(lib_a-s_isnand.o)
 .bss           0x02013084        0x0 d:/altera/test/13.0sp1/nios2eds/bin/gnu/h-i686-mingw32/bin/../lib/gcc/nios2-elf/4.1.2/../../../../nios2-elf/lib\libc.a(lib_a-strcmp.o)
 .bss           0x02013084        0x0 d:/altera/test/13.0sp1/nios2eds/bin/gnu/h-i686-mingw32/bin/../lib/gcc/nios2-elf/4.1.2/../../../../nios2-elf/lib\libc.a(lib_a-callocr.o)
 .bss           0x02013084        0x0 d:/altera/test/13.0sp1/nios2eds/bin/gnu/h-i686-mingw32/bin/../lib/gcc/nios2-elf/4.1.2/../../../../nios2-elf/lib\libc.a(lib_a-fclose.o)
 .bss           0x02013084        0x0 d:/altera/test/13.0sp1/nios2eds/bin/gnu/h-i686-mingw32/bin/../lib/gcc/nios2-elf/4.1.2\libgcc.a(_udivdi3.o)
 .bss           0x02013084        0x0 d:/altera/test/13.0sp1/nios2eds/bin/gnu/h-i686-mingw32/bin/../lib/gcc/nios2-elf/4.1.2\libgcc.a(_umoddi3.o)
 .bss           0x02013084        0x0 d:/altera/test/13.0sp1/nios2eds/bin/gnu/h-i686-mingw32/bin/../lib/gcc/nios2-elf/4.1.2\libgcc.a(_addsub_df.o)
 .bss           0x02013084        0x0 d:/altera/test/13.0sp1/nios2eds/bin/gnu/h-i686-mingw32/bin/../lib/gcc/nios2-elf/4.1.2\libgcc.a(_mul_df.o)
 .bss           0x02013084        0x0 d:/altera/test/13.0sp1/nios2eds/bin/gnu/h-i686-mingw32/bin/../lib/gcc/nios2-elf/4.1.2\libgcc.a(_div_df.o)
 .bss           0x02013084        0x0 d:/altera/test/13.0sp1/nios2eds/bin/gnu/h-i686-mingw32/bin/../lib/gcc/nios2-elf/4.1.2\libgcc.a(_eq_df.o)
 .bss           0x02013084        0x0 d:/altera/test/13.0sp1/nios2eds/bin/gnu/h-i686-mingw32/bin/../lib/gcc/nios2-elf/4.1.2\libgcc.a(_ne_df.o)
 .bss           0x02013084        0x0 d:/altera/test/13.0sp1/nios2eds/bin/gnu/h-i686-mingw32/bin/../lib/gcc/nios2-elf/4.1.2\libgcc.a(_gt_df.o)
 .bss           0x02013084        0x0 d:/altera/test/13.0sp1/nios2eds/bin/gnu/h-i686-mingw32/bin/../lib/gcc/nios2-elf/4.1.2\libgcc.a(_ge_df.o)
 .bss           0x02013084        0x0 d:/altera/test/13.0sp1/nios2eds/bin/gnu/h-i686-mingw32/bin/../lib/gcc/nios2-elf/4.1.2\libgcc.a(_df_to_si.o)
 .bss           0x02013084        0x0 d:/altera/test/13.0sp1/nios2eds/bin/gnu/h-i686-mingw32/bin/../lib/gcc/nios2-elf/4.1.2\libgcc.a(_thenan_df.o)
 .bss           0x02013084        0x0 d:/altera/test/13.0sp1/nios2eds/bin/gnu/h-i686-mingw32/bin/../lib/gcc/nios2-elf/4.1.2\libgcc.a(_usi_to_df.o)
 .bss           0x02013084        0x0 ../game_bsp/\libhal_bsp.a(alt_close.o)
 .bss           0x02013084        0x0 ../game_bsp/\libhal_bsp.a(alt_dev.o)
 .bss           0x02013084        0x0 ../game_bsp/\libhal_bsp.a(alt_errno.o)
 .bss           0x02013084        0x0 ../game_bsp/\libhal_bsp.a(alt_fstat.o)
 .bss           0x02013084        0x0 ../game_bsp/\libhal_bsp.a(alt_gettod.o)
 .bss           0x02013084        0x0 ../game_bsp/\libhal_bsp.a(alt_isatty.o)
 .bss           0x02013084        0x0 ../game_bsp/\libhal_bsp.a(alt_load.o)
 .bss           0x02013084        0x0 ../game_bsp/\libhal_bsp.a(alt_lseek.o)
 .bss           0x02013084        0x0 ../game_bsp/\libhal_bsp.a(alt_main.o)
 .bss           0x02013084        0x0 ../game_bsp/\libhal_bsp.a(alt_malloc_lock.o)
 .bss           0x02013084        0x0 ../game_bsp/\libhal_bsp.a(alt_open.o)
 .bss           0x02013084        0x0 ../game_bsp/\libhal_bsp.a(alt_read.o)
 .bss           0x02013084        0x0 ../game_bsp/\libhal_bsp.a(alt_release_fd.o)
 .bss           0x02013084        0x0 ../game_bsp/\libhal_bsp.a(alt_sbrk.o)
 .bss           0x02013084        0x0 ../game_bsp/\libhal_bsp.a(alt_tick.o)
 .bss           0x02013084        0x0 ../game_bsp/\libhal_bsp.a(alt_usleep.o)
 .bss           0x02013084        0x0 ../game_bsp/\libhal_bsp.a(alt_write.o)
 .bss           0x02013084        0x0 ../game_bsp/\libhal_bsp.a(alt_sys_init.o)
 .bss           0x02013084        0x0 ../game_bsp/\libhal_bsp.a(altera_avalon_jtag_uart_fd.o)
 .bss           0x02013084        0x0 ../game_bsp/\libhal_bsp.a(altera_avalon_jtag_uart_init.o)
 .bss           0x02013084        0x0 ../game_bsp/\libhal_bsp.a(altera_avalon_jtag_uart_ioctl.o)
 .bss           0x02013084        0x0 ../game_bsp/\libhal_bsp.a(altera_avalon_jtag_uart_read.o)
 .bss           0x02013084        0x0 ../game_bsp/\libhal_bsp.a(altera_avalon_jtag_uart_write.o)
 .bss           0x02013084        0x0 ../game_bsp/\libhal_bsp.a(altera_avalon_lcd_16207.o)
 .bss           0x02013084        0x0 ../game_bsp/\libhal_bsp.a(altera_avalon_lcd_16207_fd.o)
 .bss           0x02013084        0x0 ../game_bsp/\libhal_bsp.a(altera_avalon_timer_sc.o)
 .bss           0x02013084        0x0 ../game_bsp/\libhal_bsp.a(alt_alarm_start.o)
 .bss           0x02013084        0x0 ../game_bsp/\libhal_bsp.a(alt_busy_sleep.o)
 .bss           0x02013084        0x0 ../game_bsp/\libhal_bsp.a(alt_dcache_flush_all.o)
 .bss           0x02013084        0x0 ../game_bsp/\libhal_bsp.a(alt_dev_llist_insert.o)
 .bss           0x02013084        0x0 ../game_bsp/\libhal_bsp.a(alt_do_ctors.o)
 .bss           0x02013084        0x0 ../game_bsp/\libhal_bsp.a(alt_do_dtors.o)
 .bss           0x02013084        0x0 ../game_bsp/\libhal_bsp.a(alt_find_dev.o)
 .bss           0x02013084        0x0 ../game_bsp/\libhal_bsp.a(alt_find_file.o)
 .bss           0x02013084        0x0 ../game_bsp/\libhal_bsp.a(alt_get_fd.o)
 .bss           0x02013084        0x0 ../game_bsp/\libhal_bsp.a(alt_icache_flush_all.o)
 .bss           0x02013084        0x0 ../game_bsp/\libhal_bsp.a(alt_iic.o)
 .bss           0x02013084        0x0 ../game_bsp/\libhal_bsp.a(alt_iic_isr_register.o)
 .bss           0x02013084        0x0 ../game_bsp/\libhal_bsp.a(alt_io_redirect.o)
 .bss           0x02013084        0x0 ../game_bsp/\libhal_bsp.a(alt_irq_entry.o)
 .bss           0x02013084        0x0 ../game_bsp/\libhal_bsp.a(alt_irq_handler.o)
 .bss           0x02013084        0x0 ../game_bsp/\libhal_bsp.a(alt_irq_vars.o)
 .bss           0x02013084        0x0 ../game_bsp/\libhal_bsp.a(altera_nios2_irq.o)
 .bss           0x02013084        0x0 ../game_bsp/\libhal_bsp.a(alt_exception_entry.o)
 .bss           0x02013084        0x0 ../game_bsp/\libhal_bsp.a(alt_icache_flush.o)
 .bss           0x02013084        0x0 d:/altera/test/13.0sp1/nios2eds/bin/gnu/h-i686-mingw32/bin/../lib/gcc/nios2-elf/4.1.2/../../../../nios2-elf/lib\libc.a(lib_a-atexit.o)
 .bss           0x02013084        0x0 d:/altera/test/13.0sp1/nios2eds/bin/gnu/h-i686-mingw32/bin/../lib/gcc/nios2-elf/4.1.2/../../../../nios2-elf/lib\libc.a(lib_a-ctype_.o)
 .bss           0x02013084        0x0 d:/altera/test/13.0sp1/nios2eds/bin/gnu/h-i686-mingw32/bin/../lib/gcc/nios2-elf/4.1.2/../../../../nios2-elf/lib\libc.a(lib_a-exit.o)
 .bss           0x02013084        0x0 d:/altera/test/13.0sp1/nios2eds/bin/gnu/h-i686-mingw32/bin/../lib/gcc/nios2-elf/4.1.2/../../../../nios2-elf/lib\libc.a(lib_a-memcmp.o)
 .bss           0x02013084        0x0 d:/altera/test/13.0sp1/nios2eds/bin/gnu/h-i686-mingw32/bin/../lib/gcc/nios2-elf/4.1.2/../../../../nios2-elf/lib\libc.a(lib_a-__atexit.o)
 .bss           0x02013084        0x0 d:/altera/test/13.0sp1/nios2eds/bin/gnu/h-i686-mingw32/bin/../lib/gcc/nios2-elf/4.1.2/../../../../nios2-elf/lib\libc.a(lib_a-__call_atexit.o)
 .bss           0x02013084        0x0 ../game_bsp/\libhal_bsp.a(alt_exit.o)
 *(COMMON)
 COMMON         0x02013084      0x100 ../game_bsp/\libhal_bsp.a(alt_irq_handler.o)
                0x02013084                alt_irq
 COMMON         0x02013184      0x190 d:/altera/test/13.0sp1/nios2eds/bin/gnu/h-i686-mingw32/bin/../lib/gcc/nios2-elf/4.1.2/../../../../nios2-elf/lib\libc.a(lib_a-atexit.o)
                0x02013184                _atexit0
                0x02013314                . = ALIGN (0x4)
                0x02013314                __bss_end = ABSOLUTE (.)

.sdram_0        0x02013314        0x0
                0x02013314                PROVIDE (_alt_partition_sdram_0_start, ABSOLUTE (.))
 *(.sdram_0. sdram_0.*)
                0x02013314                . = ALIGN (0x4)
                0x02013314                PROVIDE (_alt_partition_sdram_0_end, ABSOLUTE (.))
                0x02013314                _end = ABSOLUTE (.)
                0x02013314                end = ABSOLUTE (.)
                0x02013314                __alt_stack_base = ABSOLUTE (.)
                0x02013314                PROVIDE (_alt_partition_sdram_0_load_addr, LOADADDR (.sdram_0))

.stab
 *(.stab)

.stabstr
 *(.stabstr)

.stab.excl
 *(.stab.excl)

.stab.exclstr
 *(.stab.exclstr)

.stab.index
 *(.stab.index)

.stab.indexstr
 *(.stab.indexstr)

.comment        0x00000000       0x26
 *(.comment)
 .comment       0x00000000       0x26 obj/default/game.o
                                 0x27 (size before relaxing)
 .comment       0x00000000       0x27 d:/altera/test/13.0sp1/nios2eds/bin/gnu/h-i686-mingw32/bin/../lib/gcc/nios2-elf/4.1.2\libgcc.a(_mul_sf.o)
 .comment       0x00000000       0x27 d:/altera/test/13.0sp1/nios2eds/bin/gnu/h-i686-mingw32/bin/../lib/gcc/nios2-elf/4.1.2\libgcc.a(_div_sf.o)
 .comment       0x00000000       0x27 d:/altera/test/13.0sp1/nios2eds/bin/gnu/h-i686-mingw32/bin/../lib/gcc/nios2-elf/4.1.2\libgcc.a(_lt_sf.o)
 .comment       0x00000000       0x27 d:/altera/test/13.0sp1/nios2eds/bin/gnu/h-i686-mingw32/bin/../lib/gcc/nios2-elf/4.1.2\libgcc.a(_si_to_sf.o)
 .comment       0x00000000       0x27 d:/altera/test/13.0sp1/nios2eds/bin/gnu/h-i686-mingw32/bin/../lib/gcc/nios2-elf/4.1.2\libgcc.a(_thenan_sf.o)
 .comment       0x00000000       0x27 d:/altera/test/13.0sp1/nios2eds/bin/gnu/h-i686-mingw32/bin/../lib/gcc/nios2-elf/4.1.2\libgcc.a(_lt_df.o)
 .comment       0x00000000       0x27 d:/altera/test/13.0sp1/nios2eds/bin/gnu/h-i686-mingw32/bin/../lib/gcc/nios2-elf/4.1.2\libgcc.a(_si_to_df.o)
 .comment       0x00000000       0x27 d:/altera/test/13.0sp1/nios2eds/bin/gnu/h-i686-mingw32/bin/../lib/gcc/nios2-elf/4.1.2\libgcc.a(lib2-divmod.o)
 .comment       0x00000000       0x27 d:/altera/test/13.0sp1/nios2eds/bin/gnu/h-i686-mingw32/bin/../lib/gcc/nios2-elf/4.1.2\libgcc.a(_muldi3.o)
 .comment       0x00000000       0x27 d:/altera/test/13.0sp1/nios2eds/bin/gnu/h-i686-mingw32/bin/../lib/gcc/nios2-elf/4.1.2\libgcc.a(_clzsi2.o)
 .comment       0x00000000       0x27 d:/altera/test/13.0sp1/nios2eds/bin/gnu/h-i686-mingw32/bin/../lib/gcc/nios2-elf/4.1.2\libgcc.a(_pack_sf.o)
 .comment       0x00000000       0x27 d:/altera/test/13.0sp1/nios2eds/bin/gnu/h-i686-mingw32/bin/../lib/gcc/nios2-elf/4.1.2\libgcc.a(_unpack_sf.o)
 .comment       0x00000000       0x27 d:/altera/test/13.0sp1/nios2eds/bin/gnu/h-i686-mingw32/bin/../lib/gcc/nios2-elf/4.1.2\libgcc.a(_fpcmp_parts_sf.o)
 .comment       0x00000000       0x27 d:/altera/test/13.0sp1/nios2eds/bin/gnu/h-i686-mingw32/bin/../lib/gcc/nios2-elf/4.1.2\libgcc.a(_pack_df.o)
 .comment       0x00000000       0x27 d:/altera/test/13.0sp1/nios2eds/bin/gnu/h-i686-mingw32/bin/../lib/gcc/nios2-elf/4.1.2\libgcc.a(_unpack_df.o)
 .comment       0x00000000       0x27 d:/altera/test/13.0sp1/nios2eds/bin/gnu/h-i686-mingw32/bin/../lib/gcc/nios2-elf/4.1.2\libgcc.a(_fpcmp_parts_df.o)
 .comment       0x00000000       0x27 d:/altera/test/13.0sp1/nios2eds/bin/gnu/h-i686-mingw32/bin/../lib/gcc/nios2-elf/4.1.2\libgcc.a(_clz.o)
 .comment       0x00000000       0x27 d:/altera/test/13.0sp1/nios2eds/bin/gnu/h-i686-mingw32/bin/../lib/gcc/nios2-elf/4.1.2/../../../../nios2-elf/lib\libc.a(lib_a-difftime.o)
 .comment       0x00000000       0x27 d:/altera/test/13.0sp1/nios2eds/bin/gnu/h-i686-mingw32/bin/../lib/gcc/nios2-elf/4.1.2/../../../../nios2-elf/lib\libc.a(lib_a-fopen.o)
 .comment       0x00000000       0x27 d:/altera/test/13.0sp1/nios2eds/bin/gnu/h-i686-mingw32/bin/../lib/gcc/nios2-elf/4.1.2/../../../../nios2-elf/lib\libc.a(lib_a-fprintf.o)
 .comment       0x00000000       0x27 d:/altera/test/13.0sp1/nios2eds/bin/gnu/h-i686-mingw32/bin/../lib/gcc/nios2-elf/4.1.2/../../../../nios2-elf/lib\libc.a(lib_a-fseek.o)
 .comment       0x00000000       0x27 d:/altera/test/13.0sp1/nios2eds/bin/gnu/h-i686-mingw32/bin/../lib/gcc/nios2-elf/4.1.2/../../../../nios2-elf/lib\libc.a(lib_a-fstatr.o)
 .comment       0x00000000       0x27 d:/altera/test/13.0sp1/nios2eds/bin/gnu/h-i686-mingw32/bin/../lib/gcc/nios2-elf/4.1.2/../../../../nios2-elf/lib\libc.a(lib_a-impure.o)
 .comment       0x00000000       0x27 d:/altera/test/13.0sp1/nios2eds/bin/gnu/h-i686-mingw32/bin/../lib/gcc/nios2-elf/4.1.2/../../../../nios2-elf/lib\libc.a(lib_a-int_errno.o)
 .comment       0x00000000       0x27 d:/altera/test/13.0sp1/nios2eds/bin/gnu/h-i686-mingw32/bin/../lib/gcc/nios2-elf/4.1.2/../../../../nios2-elf/lib\libc.a(lib_a-makebuf.o)
 .comment       0x00000000       0x27 d:/altera/test/13.0sp1/nios2eds/bin/gnu/h-i686-mingw32/bin/../lib/gcc/nios2-elf/4.1.2/../../../../nios2-elf/lib\libc.a(lib_a-mallocr.o)
 .comment       0x00000000       0x27 d:/altera/test/13.0sp1/nios2eds/bin/gnu/h-i686-mingw32/bin/../lib/gcc/nios2-elf/4.1.2/../../../../nios2-elf/lib\libc.a(lib_a-openr.o)
 .comment       0x00000000       0x27 d:/altera/test/13.0sp1/nios2eds/bin/gnu/h-i686-mingw32/bin/../lib/gcc/nios2-elf/4.1.2/../../../../nios2-elf/lib\libc.a(lib_a-printf.o)
 .comment       0x00000000       0x27 d:/altera/test/13.0sp1/nios2eds/bin/gnu/h-i686-mingw32/bin/../lib/gcc/nios2-elf/4.1.2/../../../../nios2-elf/lib\libc.a(lib_a-puts.o)
 .comment       0x00000000       0x27 d:/altera/test/13.0sp1/nios2eds/bin/gnu/h-i686-mingw32/bin/../lib/gcc/nios2-elf/4.1.2/../../../../nios2-elf/lib\libc.a(lib_a-rand.o)
 .comment       0x00000000       0x27 d:/altera/test/13.0sp1/nios2eds/bin/gnu/h-i686-mingw32/bin/../lib/gcc/nios2-elf/4.1.2/../../../../nios2-elf/lib\libc.a(lib_a-refill.o)
 .comment       0x00000000       0x27 d:/altera/test/13.0sp1/nios2eds/bin/gnu/h-i686-mingw32/bin/../lib/gcc/nios2-elf/4.1.2/../../../../nios2-elf/lib\libc.a(lib_a-sbrkr.o)
 .comment       0x00000000       0x27 d:/altera/test/13.0sp1/nios2eds/bin/gnu/h-i686-mingw32/bin/../lib/gcc/nios2-elf/4.1.2/../../../../nios2-elf/lib\libc.a(lib_a-stdio.o)
 .comment       0x00000000       0x27 d:/altera/test/13.0sp1/nios2eds/bin/gnu/h-i686-mingw32/bin/../lib/gcc/nios2-elf/4.1.2/../../../../nios2-elf/lib\libc.a(lib_a-strlen.o)
 .comment       0x00000000       0x27 d:/altera/test/13.0sp1/nios2eds/bin/gnu/h-i686-mingw32/bin/../lib/gcc/nios2-elf/4.1.2/../../../../nios2-elf/lib\libc.a(lib_a-time.o)
 .comment       0x00000000       0x27 d:/altera/test/13.0sp1/nios2eds/bin/gnu/h-i686-mingw32/bin/../lib/gcc/nios2-elf/4.1.2/../../../../nios2-elf/lib\libc.a(lib_a-vfprintf.o)
 .comment       0x00000000       0x27 d:/altera/test/13.0sp1/nios2eds/bin/gnu/h-i686-mingw32/bin/../lib/gcc/nios2-elf/4.1.2/../../../../nios2-elf/lib\libc.a(lib_a-writer.o)
 .comment       0x00000000       0x27 d:/altera/test/13.0sp1/nios2eds/bin/gnu/h-i686-mingw32/bin/../lib/gcc/nios2-elf/4.1.2/../../../../nios2-elf/lib\libc.a(lib_a-wsetup.o)
 .comment       0x00000000       0x27 d:/altera/test/13.0sp1/nios2eds/bin/gnu/h-i686-mingw32/bin/../lib/gcc/nios2-elf/4.1.2/../../../../nios2-elf/lib\libc.a(lib_a-closer.o)
 .comment       0x00000000       0x27 d:/altera/test/13.0sp1/nios2eds/bin/gnu/h-i686-mingw32/bin/../lib/gcc/nios2-elf/4.1.2/../../../../nios2-elf/lib\libc.a(lib_a-dtoa.o)
 .comment       0x00000000       0x27 d:/altera/test/13.0sp1/nios2eds/bin/gnu/h-i686-mingw32/bin/../lib/gcc/nios2-elf/4.1.2/../../../../nios2-elf/lib\libc.a(lib_a-fflush.o)
 .comment       0x00000000       0x27 d:/altera/test/13.0sp1/nios2eds/bin/gnu/h-i686-mingw32/bin/../lib/gcc/nios2-elf/4.1.2/../../../../nios2-elf/lib\libc.a(lib_a-findfp.o)
 .comment       0x00000000       0x27 d:/altera/test/13.0sp1/nios2eds/bin/gnu/h-i686-mingw32/bin/../lib/gcc/nios2-elf/4.1.2/../../../../nios2-elf/lib\libc.a(lib_a-flags.o)
 .comment       0x00000000       0x27 d:/altera/test/13.0sp1/nios2eds/bin/gnu/h-i686-mingw32/bin/../lib/gcc/nios2-elf/4.1.2/../../../../nios2-elf/lib\libc.a(lib_a-freer.o)
 .comment       0x00000000       0x27 d:/altera/test/13.0sp1/nios2eds/bin/gnu/h-i686-mingw32/bin/../lib/gcc/nios2-elf/4.1.2/../../../../nios2-elf/lib\libc.a(lib_a-fvwrite.o)
 .comment       0x00000000       0x27 d:/altera/test/13.0sp1/nios2eds/bin/gnu/h-i686-mingw32/bin/../lib/gcc/nios2-elf/4.1.2/../../../../nios2-elf/lib\libc.a(lib_a-fwalk.o)
 .comment       0x00000000       0x27 d:/altera/test/13.0sp1/nios2eds/bin/gnu/h-i686-mingw32/bin/../lib/gcc/nios2-elf/4.1.2/../../../../nios2-elf/lib\libc.a(lib_a-gettimeofdayr.o)
 .comment       0x00000000       0x27 d:/altera/test/13.0sp1/nios2eds/bin/gnu/h-i686-mingw32/bin/../lib/gcc/nios2-elf/4.1.2/../../../../nios2-elf/lib\libc.a(lib_a-isattyr.o)
 .comment       0x00000000       0x27 d:/altera/test/13.0sp1/nios2eds/bin/gnu/h-i686-mingw32/bin/../lib/gcc/nios2-elf/4.1.2/../../../../nios2-elf/lib\libc.a(lib_a-locale.o)
 .comment       0x00000000       0x27 d:/altera/test/13.0sp1/nios2eds/bin/gnu/h-i686-mingw32/bin/../lib/gcc/nios2-elf/4.1.2/../../../../nios2-elf/lib\libc.a(lib_a-lseekr.o)
 .comment       0x00000000       0x27 d:/altera/test/13.0sp1/nios2eds/bin/gnu/h-i686-mingw32/bin/../lib/gcc/nios2-elf/4.1.2/../../../../nios2-elf/lib\libc.a(lib_a-memchr.o)
 .comment       0x00000000       0x27 d:/altera/test/13.0sp1/nios2eds/bin/gnu/h-i686-mingw32/bin/../lib/gcc/nios2-elf/4.1.2/../../../../nios2-elf/lib\libc.a(lib_a-memcpy.o)
 .comment       0x00000000       0x27 d:/altera/test/13.0sp1/nios2eds/bin/gnu/h-i686-mingw32/bin/../lib/gcc/nios2-elf/4.1.2/../../../../nios2-elf/lib\libc.a(lib_a-memmove.o)
 .comment       0x00000000       0x27 d:/altera/test/13.0sp1/nios2eds/bin/gnu/h-i686-mingw32/bin/../lib/gcc/nios2-elf/4.1.2/../../../../nios2-elf/lib\libc.a(lib_a-memset.o)
 .comment       0x00000000       0x27 d:/altera/test/13.0sp1/nios2eds/bin/gnu/h-i686-mingw32/bin/../lib/gcc/nios2-elf/4.1.2/../../../../nios2-elf/lib\libc.a(lib_a-mprec.o)
 .comment       0x00000000       0x27 d:/altera/test/13.0sp1/nios2eds/bin/gnu/h-i686-mingw32/bin/../lib/gcc/nios2-elf/4.1.2/../../../../nios2-elf/lib\libc.a(lib_a-readr.o)
 .comment       0x00000000       0x27 d:/altera/test/13.0sp1/nios2eds/bin/gnu/h-i686-mingw32/bin/../lib/gcc/nios2-elf/4.1.2/../../../../nios2-elf/lib\libc.a(lib_a-reallocr.o)
 .comment       0x00000000       0x27 d:/altera/test/13.0sp1/nios2eds/bin/gnu/h-i686-mingw32/bin/../lib/gcc/nios2-elf/4.1.2/../../../../nios2-elf/lib\libc.a(lib_a-s_isinfd.o)
 .comment       0x00000000       0x27 d:/altera/test/13.0sp1/nios2eds/bin/gnu/h-i686-mingw32/bin/../lib/gcc/nios2-elf/4.1.2/../../../../nios2-elf/lib\libc.a(lib_a-s_isnand.o)
 .comment       0x00000000       0x27 d:/altera/test/13.0sp1/nios2eds/bin/gnu/h-i686-mingw32/bin/../lib/gcc/nios2-elf/4.1.2/../../../../nios2-elf/lib\libc.a(lib_a-strcmp.o)
 .comment       0x00000000       0x27 d:/altera/test/13.0sp1/nios2eds/bin/gnu/h-i686-mingw32/bin/../lib/gcc/nios2-elf/4.1.2/../../../../nios2-elf/lib\libc.a(lib_a-callocr.o)
 .comment       0x00000000       0x27 d:/altera/test/13.0sp1/nios2eds/bin/gnu/h-i686-mingw32/bin/../lib/gcc/nios2-elf/4.1.2/../../../../nios2-elf/lib\libc.a(lib_a-fclose.o)
 .comment       0x00000000       0x27 d:/altera/test/13.0sp1/nios2eds/bin/gnu/h-i686-mingw32/bin/../lib/gcc/nios2-elf/4.1.2\libgcc.a(_udivdi3.o)
 .comment       0x00000000       0x27 d:/altera/test/13.0sp1/nios2eds/bin/gnu/h-i686-mingw32/bin/../lib/gcc/nios2-elf/4.1.2\libgcc.a(_umoddi3.o)
 .comment       0x00000000       0x27 d:/altera/test/13.0sp1/nios2eds/bin/gnu/h-i686-mingw32/bin/../lib/gcc/nios2-elf/4.1.2\libgcc.a(_addsub_df.o)
 .comment       0x00000000       0x27 d:/altera/test/13.0sp1/nios2eds/bin/gnu/h-i686-mingw32/bin/../lib/gcc/nios2-elf/4.1.2\libgcc.a(_mul_df.o)
 .comment       0x00000000       0x27 d:/altera/test/13.0sp1/nios2eds/bin/gnu/h-i686-mingw32/bin/../lib/gcc/nios2-elf/4.1.2\libgcc.a(_div_df.o)
 .comment       0x00000000       0x27 d:/altera/test/13.0sp1/nios2eds/bin/gnu/h-i686-mingw32/bin/../lib/gcc/nios2-elf/4.1.2\libgcc.a(_eq_df.o)
 .comment       0x00000000       0x27 d:/altera/test/13.0sp1/nios2eds/bin/gnu/h-i686-mingw32/bin/../lib/gcc/nios2-elf/4.1.2\libgcc.a(_ne_df.o)
 .comment       0x00000000       0x27 d:/altera/test/13.0sp1/nios2eds/bin/gnu/h-i686-mingw32/bin/../lib/gcc/nios2-elf/4.1.2\libgcc.a(_gt_df.o)
 .comment       0x00000000       0x27 d:/altera/test/13.0sp1/nios2eds/bin/gnu/h-i686-mingw32/bin/../lib/gcc/nios2-elf/4.1.2\libgcc.a(_ge_df.o)
 .comment       0x00000000       0x27 d:/altera/test/13.0sp1/nios2eds/bin/gnu/h-i686-mingw32/bin/../lib/gcc/nios2-elf/4.1.2\libgcc.a(_df_to_si.o)
 .comment       0x00000000       0x27 d:/altera/test/13.0sp1/nios2eds/bin/gnu/h-i686-mingw32/bin/../lib/gcc/nios2-elf/4.1.2\libgcc.a(_thenan_df.o)
 .comment       0x00000000       0x27 d:/altera/test/13.0sp1/nios2eds/bin/gnu/h-i686-mingw32/bin/../lib/gcc/nios2-elf/4.1.2\libgcc.a(_usi_to_df.o)
 .comment       0x00000000       0x27 ../game_bsp/\libhal_bsp.a(alt_close.o)
 .comment       0x00000000       0x27 ../game_bsp/\libhal_bsp.a(alt_dev.o)
 .comment       0x00000000       0x27 ../game_bsp/\libhal_bsp.a(alt_errno.o)
 .comment       0x00000000       0x27 ../game_bsp/\libhal_bsp.a(alt_fstat.o)
 .comment       0x00000000       0x27 ../game_bsp/\libhal_bsp.a(alt_gettod.o)
 .comment       0x00000000       0x27 ../game_bsp/\libhal_bsp.a(alt_isatty.o)
 .comment       0x00000000       0x27 ../game_bsp/\libhal_bsp.a(alt_load.o)
 .comment       0x00000000       0x27 ../game_bsp/\libhal_bsp.a(alt_lseek.o)
 .comment       0x00000000       0x27 ../game_bsp/\libhal_bsp.a(alt_main.o)
 .comment       0x00000000       0x27 ../game_bsp/\libhal_bsp.a(alt_malloc_lock.o)
 .comment       0x00000000       0x27 ../game_bsp/\libhal_bsp.a(alt_open.o)
 .comment       0x00000000       0x27 ../game_bsp/\libhal_bsp.a(alt_read.o)
 .comment       0x00000000       0x27 ../game_bsp/\libhal_bsp.a(alt_release_fd.o)
 .comment       0x00000000       0x27 ../game_bsp/\libhal_bsp.a(alt_sbrk.o)
 .comment       0x00000000       0x27 ../game_bsp/\libhal_bsp.a(alt_tick.o)
 .comment       0x00000000       0x27 ../game_bsp/\libhal_bsp.a(alt_usleep.o)
 .comment       0x00000000       0x27 ../game_bsp/\libhal_bsp.a(alt_write.o)
 .comment       0x00000000       0x27 ../game_bsp/\libhal_bsp.a(alt_sys_init.o)
 .comment       0x00000000       0x27 ../game_bsp/\libhal_bsp.a(altera_avalon_jtag_uart_fd.o)
 .comment       0x00000000       0x27 ../game_bsp/\libhal_bsp.a(altera_avalon_jtag_uart_init.o)
 .comment       0x00000000       0x27 ../game_bsp/\libhal_bsp.a(altera_avalon_jtag_uart_ioctl.o)
 .comment       0x00000000       0x27 ../game_bsp/\libhal_bsp.a(altera_avalon_jtag_uart_read.o)
 .comment       0x00000000       0x27 ../game_bsp/\libhal_bsp.a(altera_avalon_jtag_uart_write.o)
 .comment       0x00000000       0x27 ../game_bsp/\libhal_bsp.a(altera_avalon_lcd_16207.o)
 .comment       0x00000000       0x27 ../game_bsp/\libhal_bsp.a(altera_avalon_lcd_16207_fd.o)
 .comment       0x00000000       0x27 ../game_bsp/\libhal_bsp.a(altera_avalon_timer_sc.o)
 .comment       0x00000000       0x27 ../game_bsp/\libhal_bsp.a(alt_alarm_start.o)
 .comment       0x00000000       0x27 ../game_bsp/\libhal_bsp.a(alt_busy_sleep.o)
 .comment       0x00000000       0x27 ../game_bsp/\libhal_bsp.a(alt_dcache_flush_all.o)
 .comment       0x00000000       0x27 ../game_bsp/\libhal_bsp.a(alt_dev_llist_insert.o)
 .comment       0x00000000       0x27 ../game_bsp/\libhal_bsp.a(alt_do_ctors.o)
 .comment       0x00000000       0x27 ../game_bsp/\libhal_bsp.a(alt_do_dtors.o)
 .comment       0x00000000       0x27 ../game_bsp/\libhal_bsp.a(alt_find_dev.o)
 .comment       0x00000000       0x27 ../game_bsp/\libhal_bsp.a(alt_find_file.o)
 .comment       0x00000000       0x27 ../game_bsp/\libhal_bsp.a(alt_get_fd.o)
 .comment       0x00000000       0x27 ../game_bsp/\libhal_bsp.a(alt_icache_flush_all.o)
 .comment       0x00000000       0x27 ../game_bsp/\libhal_bsp.a(alt_iic.o)
 .comment       0x00000000       0x27 ../game_bsp/\libhal_bsp.a(alt_iic_isr_register.o)
 .comment       0x00000000       0x27 ../game_bsp/\libhal_bsp.a(alt_io_redirect.o)
 .comment       0x00000000       0x27 ../game_bsp/\libhal_bsp.a(alt_irq_handler.o)
 .comment       0x00000000       0x27 ../game_bsp/\libhal_bsp.a(alt_irq_vars.o)
 .comment       0x00000000       0x27 ../game_bsp/\libhal_bsp.a(altera_nios2_irq.o)
 .comment       0x00000000       0x27 ../game_bsp/\libhal_bsp.a(alt_icache_flush.o)
 .comment       0x00000000       0x27 d:/altera/test/13.0sp1/nios2eds/bin/gnu/h-i686-mingw32/bin/../lib/gcc/nios2-elf/4.1.2/../../../../nios2-elf/lib\libc.a(lib_a-atexit.o)
 .comment       0x00000000       0x27 d:/altera/test/13.0sp1/nios2eds/bin/gnu/h-i686-mingw32/bin/../lib/gcc/nios2-elf/4.1.2/../../../../nios2-elf/lib\libc.a(lib_a-ctype_.o)
 .comment       0x00000000       0x27 d:/altera/test/13.0sp1/nios2eds/bin/gnu/h-i686-mingw32/bin/../lib/gcc/nios2-elf/4.1.2/../../../../nios2-elf/lib\libc.a(lib_a-exit.o)
 .comment       0x00000000       0x27 d:/altera/test/13.0sp1/nios2eds/bin/gnu/h-i686-mingw32/bin/../lib/gcc/nios2-elf/4.1.2/../../../../nios2-elf/lib\libc.a(lib_a-memcmp.o)
 .comment       0x00000000       0x27 d:/altera/test/13.0sp1/nios2eds/bin/gnu/h-i686-mingw32/bin/../lib/gcc/nios2-elf/4.1.2/../../../../nios2-elf/lib\libc.a(lib_a-__atexit.o)
 .comment       0x00000000       0x27 d:/altera/test/13.0sp1/nios2eds/bin/gnu/h-i686-mingw32/bin/../lib/gcc/nios2-elf/4.1.2/../../../../nios2-elf/lib\libc.a(lib_a-__call_atexit.o)
 .comment       0x00000000       0x27 ../game_bsp/\libhal_bsp.a(alt_exit.o)

.debug
 *(.debug)

.line
 *(.line)

.debug_srcinfo
 *(.debug_srcinfo)

.debug_sfnames
 *(.debug_sfnames)

.debug_aranges  0x00000000      0xf38
 *(.debug_aranges)
 .debug_aranges